Component: Arm Compiler for Embedded 6.22 Tool: armlink [5ee90200]

==============================================================================

Section Cross References

    startup.o(RESET) refers to startup.o(STACK) for StackMem
    startup.o(RESET) refers to osasm.o(.text) for SVC_Handler
    startup.o(RESET) refers to os.o(.text.SysTick_Handler) for SysTick_Handler
    startup.o(RESET) refers to uart0int.o(.text.UART0_Handler) for UART0_Handler
    startup.o(RESET) refers to adct0atrigger.o(.text.ADC0Seq0_Handler) for ADC0Seq0_Handler
    startup.o(RESET) refers to adct0atrigger.o(.text.ADC0Seq3_Handler) for ADC0Seq3_Handler
    startup.o(RESET) refers to os.o(.text.Timer1A_Handler) for Timer1A_Handler
    startup.o(RESET) refers to switch.o(.text.GPIOPortF_Handler) for GPIOPortF_Handler
    startup.o(RESET) refers to timer3a.o(.text.Timer3A_Handler) for Timer3A_Handler
    startup.o(RESET) refers to timer5a.o(.text.Timer5A_Handler) for Timer5A_Handler
    startup.o(RESET) refers to wtimer0a.o(.text.WideTimer0A_Handler) for WideTimer0A_Handler
    startup.o(RESET) refers to entry.o(.ARM.Collect$$$$00000000) for __main
    lab2.o(.ARM.exidx.text.PortD_Init) refers to lab2.o(.text.PortD_Init) for [Anonymous Symbol]
    lab2.o(.text.DAS) refers to lab2.o(.bss.NumSamples) for NumSamples
    lab2.o(.text.DAS) refers to adc.o(.text.ADC_In) for ADC_In
    lab2.o(.text.DAS) refers to os.o(.text.OS_Time) for OS_Time
    lab2.o(.text.DAS) refers to lpf.o(.text.Filter) for Filter
    lab2.o(.text.DAS) refers to lab2.o(.bss.DASoutput) for DASoutput
    lab2.o(.text.DAS) refers to lab2.o(.bss.FilterWork) for FilterWork
    lab2.o(.text.DAS) refers to lab2.o(.bss.DAS.LastTime) for DAS.LastTime
    lab2.o(.text.DAS) refers to os.o(.text.OS_TimeDifference) for OS_TimeDifference
    lab2.o(.text.DAS) refers to os.o(.bss.MaxJitter) for MaxJitter
    lab2.o(.text.DAS) refers to os.o(.rodata.JitterSize) for JitterSize
    lab2.o(.text.DAS) refers to os.o(.bss.JitterHistogram) for JitterHistogram
    lab2.o(.ARM.exidx.text.DAS) refers to lab2.o(.text.DAS) for [Anonymous Symbol]
    lab2.o(.text.ButtonWork) refers to os.o(.text.OS_Id) for OS_Id
    lab2.o(.text.ButtonWork) refers to lab2.o(.bss.NumCreated) for NumCreated
    lab2.o(.text.ButtonWork) refers to lab2.o(.rodata.str1.1) for .L.str
    lab2.o(.text.ButtonWork) refers to st7735.o(.text.ST7735_Message) for ST7735_Message
    lab2.o(.text.ButtonWork) refers to os.o(.text.OS_Sleep) for OS_Sleep
    lab2.o(.text.ButtonWork) refers to lab2.o(.bss.PIDWork) for PIDWork
    lab2.o(.text.ButtonWork) refers to lab2.o(.bss.DataLost) for DataLost
    lab2.o(.text.ButtonWork) refers to os.o(.bss.MaxJitter) for MaxJitter
    lab2.o(.text.ButtonWork) refers to os.o(.text.OS_Kill) for OS_Kill
    lab2.o(.ARM.exidx.text.ButtonWork) refers to lab2.o(.text.ButtonWork) for [Anonymous Symbol]
    lab2.o(.text.SW1Push) refers to os.o(.text.OS_MsTime) for OS_MsTime
    lab2.o(.text.SW1Push) refers to lab2.o(.text.ButtonWork) for ButtonWork
    lab2.o(.text.SW1Push) refers to os.o(.text.OS_AddThread) for OS_AddThread
    lab2.o(.text.SW1Push) refers to lab2.o(.bss.NumCreated) for NumCreated
    lab2.o(.text.SW1Push) refers to os.o(.text.OS_ClearMsTime) for OS_ClearMsTime
    lab2.o(.ARM.exidx.text.SW1Push) refers to lab2.o(.text.SW1Push) for [Anonymous Symbol]
    lab2.o(.text.Producer) refers to lab2.o(.bss.NumSamples) for NumSamples
    lab2.o(.text.Producer) refers to os.o(.text.OS_Fifo_Put) for OS_Fifo_Put
    lab2.o(.text.Producer) refers to lab2.o(.bss.DataLost) for DataLost
    lab2.o(.ARM.exidx.text.Producer) refers to lab2.o(.text.Producer) for [Anonymous Symbol]
    lab2.o(.text.Consumer) refers to lab2.o(.text.Producer) for Producer
    lab2.o(.text.Consumer) refers to adct0atrigger.o(.text.ADC0_InitTimer0ATriggerSeq0) for ADC0_InitTimer0ATriggerSeq0
    lab2.o(.text.Consumer) refers to lab2.o(.text.Display) for Display
    lab2.o(.text.Consumer) refers to os.o(.text.OS_AddThread) for OS_AddThread
    lab2.o(.text.Consumer) refers to lab2.o(.bss.NumCreated) for NumCreated
    lab2.o(.text.Consumer) refers to lab2.o(.bss.NumSamples) for NumSamples
    lab2.o(.text.Consumer) refers to os.o(.text.OS_Fifo_Get) for OS_Fifo_Get
    lab2.o(.text.Consumer) refers to lab2.o(.bss.x) for x
    lab2.o(.text.Consumer) refers to lab2.o(.bss.y) for y
    lab2.o(.text.Consumer) refers to cr4_fft_64_stm32.o(.text) for cr4_fft_64_stm32
    lab2.o(.text.Consumer) refers to os.o(.text.OS_MailBox_Send) for OS_MailBox_Send
    lab2.o(.text.Consumer) refers to os.o(.text.OS_Kill) for OS_Kill
    lab2.o(.ARM.exidx.text.Consumer) refers to lab2.o(.text.Consumer) for [Anonymous Symbol]
    lab2.o(.text.Display) refers to os.o(.text.OS_Id) for OS_Id
    lab2.o(.text.Display) refers to lab2.o(.rodata.str1.1) for .L.str.4
    lab2.o(.text.Display) refers to st7735.o(.text.ST7735_Message) for ST7735_Message
[...]
    printfa.o(i.__0vfprintf) refers to os.o(.text.fputc) for fputc
    printfa.o(i.__0vprintf) refers (Special) to iusefp.o(.text) for __I$use$fp
    printfa.o(i.__0vprintf) refers to printfa.o(i._printf_core) for _printf_core
    printfa.o(i.__0vprintf) refers to os.o(.text.fputc) for fputc
    printfa.o(i.__0vprintf) refers to stdout.o(.data) for __stdout
    printfa.o(i.__0vsnprintf) refers (Special) to iusefp.o(.text) for __I$use$fp
    printfa.o(i.__0vsnprintf) refers to printfa.o(i._printf_core) for _printf_core
    printfa.o(i.__0vsnprintf) refers to printfa.o(i._snputc) for _snputc
    printfa.o(i.__0vsprintf) refers (Special) to iusefp.o(.text) for __I$use$fp
    printfa.o(i.__0vsprintf) refers to printfa.o(i._printf_core) for _printf_core
    printfa.o(i.__0vsprintf) refers to printfa.o(i._sputc) for _sputc
    printfa.o(i._fp_digits) refers (Special) to iusefp.o(.text) for __I$use$fp
    printfa.o(i._fp_digits) refers to dmul.o(.text) for __aeabi_dmul
    printfa.o(i._fp_digits) refers to ddiv.o(.text) for __aeabi_ddiv
    printfa.o(i._fp_digits) refers to cdrcmple.o(.text) for __aeabi_cdrcmple
    printfa.o(i._fp_digits) refers to dadd.o(.text) for __aeabi_dadd
    printfa.o(i._fp_digits) refers to dfixul.o(.text) for __aeabi_d2ulz
    printfa.o(i._fp_digits) refers to uldiv.o(.text) for __aeabi_uldivmod
    printfa.o(i._printf_core) refers (Special) to iusefp.o(.text) for __I$use$fp
    printfa.o(i._printf_core) refers to printfa.o(i._printf_pre_padding) for _printf_pre_padding
    printfa.o(i._printf_core) refers to uldiv.o(.text) for __aeabi_uldivmod
    printfa.o(i._printf_core) refers to printfa.o(i._printf_post_padding) for _printf_post_padding
    printfa.o(i._printf_core) refers to printfa.o(i._fp_digits) for _fp_digits
    printfa.o(i._printf_core) refers to uidiv.o(.text) for __aeabi_uidivmod
    printfa.o(i._printf_post_padding) refers (Special) to iusefp.o(.text) for __I$use$fp
    printfa.o(i._printf_pre_padding) refers (Special) to iusefp.o(.text) for __I$use$fp
    printfa.o(i._snputc) refers (Special) to iusefp.o(.text) for __I$use$fp
    printfa.o(i._sputc) refers (Special) to iusefp.o(.text) for __I$use$fp
    atoi.o(.text) refers to errno.o(i.__aeabi_errno_addr) for __aeabi_errno_addr
    atoi.o(.text) refers to strtol.o(.text) for strtol
    entry2.o(.ARM.Collect$$$$00000001) refers to entry2.o(.ARM.Collect$$$$00002712) for __lit__00000000
    entry2.o(.ARM.Collect$$$$00002712) refers to startup.o(STACK) for __initial_sp
    entry2.o(__vectab_stack_and_reset_area) refers to startup.o(STACK) for __initial_sp
    entry2.o(__vectab_stack_and_reset_area) refers to entry.o(.ARM.Collect$$$$00000000) for __main
    entry5.o(.ARM.Collect$$$$00000004) refers to init.o(.text) for __scatterload
    entry9a.o(.ARM.Collect$$$$0000000B) refers to lab2.o(.text.main) for main
    entry9b.o(.ARM.Collect$$$$0000000C) refers to lab2.o(.text.main) for main
    uldiv.o(.text) refers to llushr.o(.text) for __aeabi_llsr
    uldiv.o(.text) refers to llshl.o(.text) for __aeabi_llsl
    errno.o(i.__aeabi_errno_addr) refers to errno.o(.data) for .data
    errno.o(i.__read_errno) refers to errno.o(.data) for .data
    errno.o(i.__set_errno) refers to errno.o(.data) for .data
    strtol.o(.text) refers to ctype_o.o(.text) for __rt_ctype_table
    strtol.o(.text) refers to _strtoul.o(.text) for _strtoul
    strtol.o(.text) refers to errno.o(i.__aeabi_errno_addr) for __aeabi_errno_addr
    dadd.o(.text) refers (Special) to iusefp.o(.text) for __I$use$fp
    dadd.o(.text) refers to llshl.o(.text) for __aeabi_llsl
    dadd.o(.text) refers to llsshr.o(.text) for __aeabi_lasr
    dadd.o(.text) refers to depilogue.o(.text) for _double_epilogue
    dmul.o(.text) refers (Special) to iusefp.o(.text) for __I$use$fp
    dmul.o(.text) refers to depilogue.o(.text) for _double_epilogue
    ddiv.o(.text) refers (Special) to iusefp.o(.text) for __I$use$fp
    ddiv.o(.text) refers to depilogue.o(.text) for _double_round
    dfixul.o(.text) refers (Special) to iusefp.o(.text) for __I$use$fp
    dfixul.o(.text) refers to llushr.o(.text) for __aeabi_llsr
    dfixul.o(.text) refers to llshl.o(.text) for __aeabi_llsl
    cdrcmple.o(.text) refers (Special) to iusefp.o(.text) for __I$use$fp
    init.o(.text) refers to entry5.o(.ARM.Collect$$$$00000004) for __main_after_scatterload
    _strtoul.o(.text) refers to _chval.o(.text) for _chval
    _strtoul.o(.text) refers to errno.o(i.__aeabi_errno_addr) for __aeabi_errno_addr
    depilogue.o(.text) refers (Special) to iusefp.o(.text) for __I$use$fp
    depilogue.o(.text) refers to llshl.o(.text) for __aeabi_llsl
    depilogue.o(.text) refers to llushr.o(.text) for __aeabi_llsr


==============================================================================

Removing Unused input sections from the image.

    Removing startup.o(HEAP), (0 bytes).
    Removing lab2.o(.text), (0 bytes).
    Removing lab2.o(.text.PortD_Init), (120 bytes).
    Removing lab2.o(.ARM.exidx.text.PortD_Init), (8 bytes).
    Removing lab2.o(.text.DAS), (282 bytes).
    Removing lab2.o(.ARM.exidx.text.DAS), (8 bytes).
    Removing lab2.o(.text.ButtonWork), (168 bytes).
    Removing lab2.o(.ARM.exidx.text.ButtonWork), (8 bytes).
    Removing lab2.o(.text.SW1Push), (56 bytes).
    Removing lab2.o(.ARM.exidx.text.SW1Push), (8 bytes).
    Removing lab2.o(.text.Producer), (70 bytes).
    Removing lab2.o(.ARM.exidx.text.Producer), (8 bytes).
    Removing lab2.o(.text.Consumer), (190 bytes).
    Removing lab2.o(.ARM.exidx.text.Consumer), (8 bytes).
    Removing lab2.o(.text.Display), (188 bytes).
    Removing lab2.o(.ARM.exidx.text.Display), (8 bytes).
    Removing lab2.o(.text.PID), (166 bytes).
    Removing lab2.o(.ARM.exidx.text.PID), (8 bytes).
    Removing lab2.o(.text.realmain), (214 bytes).
    Removing lab2.o(.ARM.exidx.text.realmain), (8 bytes).
    Removing lab2.o(.text.Thread1), (52 bytes).
    Removing lab2.o(.ARM.exidx.text.Thread1), (8 bytes).
    Removing lab2.o(.text.Thread2), (52 bytes).
    Removing lab2.o(.ARM.exidx.text.Thread2), (8 bytes).
    Removing lab2.o(.text.Thread3), (52 bytes).
    Removing lab2.o(.ARM.exidx.text.Thread3), (8 bytes).
    Removing lab2.o(.text.Testmain1), (124 bytes).
    Removing lab2.o(.ARM.exidx.text.Testmain1), (8 bytes).
    Removing lab2.o(.text.Thread1b), (46 bytes).
    Removing lab2.o(.ARM.exidx.text.Thread1b), (8 bytes).
    Removing lab2.o(.text.Thread2b), (46 bytes).
    Removing lab2.o(.ARM.exidx.text.Thread2b), (8 bytes).
    Removing lab2.o(.text.Thread3b), (46 bytes).
    Removing lab2.o(.ARM.exidx.text.Thread3b), (8 bytes).
    Removing lab2.o(.text.Testmain2), (124 bytes).
    Removing lab2.o(.ARM.exidx.text.Testmain2), (8 bytes).
    Removing lab2.o(.text.Thread1c), (88 bytes).
    Removing lab2.o(.ARM.exidx.text.Thread1c), (8 bytes).
    Removing lab2.o(.text.Thread2c), (86 bytes).
    Removing lab2.o(.ARM.exidx.text.Thread2c), (8 bytes).
    Removing lab2.o(.text.Thread3c), (46 bytes).
    Removing lab2.o(.ARM.exidx.text.Thread3c), (8 bytes).
    Removing lab2.o(.text.Testmain3), (98 bytes).
    Removing lab2.o(.ARM.exidx.text.Testmain3), (8 bytes).
    Removing lab2.o(.text.BackgroundThread1d), (30 bytes).
    Removing lab2.o(.ARM.exidx.text.BackgroundThread1d), (8 bytes).
    Removing lab2.o(.text.Thread5d), (68 bytes).
    Removing lab2.o(.ARM.exidx.text.Thread5d), (8 bytes).
    Removing lab2.o(.text.Thread2d), (134 bytes).
    Removing lab2.o(.ARM.exidx.text.Thread2d), (8 bytes).
    Removing lab2.o(.text.Thread3d), (30 bytes).
    Removing lab2.o(.ARM.exidx.text.Thread3d), (8 bytes).
    Removing lab2.o(.text.Thread4d), (68 bytes).
    Removing lab2.o(.ARM.exidx.text.Thread4d), (8 bytes).
    Removing lab2.o(.text.BackgroundThread5d), (36 bytes).
    Removing lab2.o(.ARM.exidx.text.BackgroundThread5d), (8 bytes).
    Removing lab2.o(.text.Testmain4), (148 bytes).
    Removing lab2.o(.ARM.exidx.text.Testmain4), (8 bytes).
    Removing lab2.o(.ARM.exidx.text.BackgroundThread1e), (8 bytes).
    Removing lab2.o(.ARM.exidx.text.Thread2e), (8 bytes).
    Removing lab2.o(.ARM.exidx.text.Thread3e), (8 bytes).
    Removing lab2.o(.ARM.exidx.text.Thread4e), (8 bytes).
    Removing lab2.o(.ARM.exidx.text.BackgroundThread5e), (8 bytes).
    Removing lab2.o(.ARM.exidx.text.Testmain5), (8 bytes).
    Removing lab2.o(.text.ThreadCS), (20 bytes).
    Removing lab2.o(.ARM.exidx.text.ThreadCS), (8 bytes).
    Removing lab2.o(.text.TestmainCS), (66 bytes).
    Removing lab2.o(.ARM.exidx.text.TestmainCS), (8 bytes).
    Removing lab2.o(.text.ConsumerThreadFIFO), (104 bytes).
    Removing lab2.o(.ARM.exidx.text.ConsumerThreadFIFO), (8 bytes).
    Removing lab2.o(.text.FillerThreadFIFO), (30 bytes).
    Removing lab2.o(.ARM.exidx.text.FillerThreadFIFO), (8 bytes).
    Removing lab2.o(.text.BackgroundThreadFIFOProducer), (52 bytes).
    Removing lab2.o(.ARM.exidx.text.BackgroundThreadFIFOProducer), (8 bytes).
    Removing lab2.o(.text.TestmainFIFO), (160 bytes).
    Removing lab2.o(.ARM.exidx.text.TestmainFIFO), (8 bytes).
    Removing lab2.o(.ARM.exidx.text.main), (8 bytes).
    Removing lab2.o(.bss.DAS.LastTime), (4 bytes).
    Removing lab2.o(.bss.NumSamples), (4 bytes).
    Removing lab2.o(.bss.DASoutput), (4 bytes).
    Removing lab2.o(.bss.FilterWork), (4 bytes).
    Removing lab2.o(.rodata.str1.1), (99 bytes).
    Removing lab2.o(.bss.PIDWork), (4 bytes).
    Removing lab2.o(.bss.DataLost), (4 bytes).
    Removing lab2.o(.bss.x), (256 bytes).
    Removing lab2.o(.bss.y), (256 bytes).
    Removing lab2.o(.bss.IntTerm), (2 bytes).
    Removing lab2.o(.bss.PrevError), (2 bytes).
    Removing lab2.o(.bss.Coeff), (6 bytes).
    Removing lab2.o(.bss.Actuator), (2 bytes).
    Removing lab2.o(.bss.Readyd), (4 bytes).
    Removing lab2.o(.bss.Count5), (4 bytes).
    Removing lab2.o(.bss.Lost), (4 bytes).
    Removing lab2.o(.bss.OtherCount1), (4 bytes).
    Removing lab2.o(.bss.Expected8), (4 bytes).
    Removing lab2.o(.bss.Error8), (4 bytes).
    Removing lab2.o(.ARM.use_no_argv), (4 bytes).
    Removing os.o(.text), (0 bytes).
    Removing os.o(.ARM.exidx.text.ContextSwitch), (8 bytes).
    Removing os.o(.ARM.exidx.text.SysTick_Handler), (8 bytes).
    Removing os.o(.ARM.exidx.text.OS_CheckQueue), (8 bytes).
    Removing os.o(.text.OS_LockScheduler), (4 bytes).
    Removing os.o(.ARM.exidx.text.OS_LockScheduler), (8 bytes).
    Removing os.o(.text.OS_UnLockScheduler), (8 bytes).
    Removing os.o(.ARM.exidx.text.OS_UnLockScheduler), (8 bytes).
    Removing os.o(.ARM.exidx.text.SysTick_Init), (8 bytes).
    Removing os.o(.ARM.exidx.text.OS_Init), (8 bytes).
    Removing os.o(.ARM.exidx.text.OS_InitSemaphore), (8 bytes).
    Removing os.o(.text.OS_Wait), (48 bytes).
    Removing os.o(.ARM.exidx.text.OS_Wait), (8 bytes).
    Removing os.o(.text.OS_Signal), (30 bytes).
    Removing os.o(.ARM.exidx.text.OS_Signal), (8 bytes).
    Removing os.o(.ARM.exidx.text.OS_bWait), (8 bytes).
    Removing os.o(.ARM.exidx.text.OS_Suspend), (8 bytes).
    Removing os.o(.ARM.exidx.text.OS_bSignal), (8 bytes).
    Removing os.o(.ARM.exidx.text.SetInitialStack), (8 bytes).
    Removing os.o(.ARM.exidx.text.OS_AddThread), (8 bytes).
    Removing os.o(.text.OS_AddProcess), (20 bytes).
    Removing os.o(.ARM.exidx.text.OS_AddProcess), (8 bytes).
    Removing os.o(.ARM.exidx.text.OS_Id), (8 bytes).
    Removing os.o(.ARM.exidx.text.OS_AddPeriodicThread), (8 bytes).
    Removing os.o(.ARM.exidx.text.OS_AddSW1Task), (8 bytes).
    Removing os.o(.text.OS_AddSW2Task), (12 bytes).
    Removing os.o(.ARM.exidx.text.OS_AddSW2Task), (8 bytes).
    Removing os.o(.ARM.exidx.text.OS_Sleep), (8 bytes).
    Removing os.o(.ARM.exidx.text.OS_AddToQueue), (8 bytes).
    Removing os.o(.ARM.exidx.text.OS_WakeUpThread), (8 bytes).
    Removing os.o(.ARM.exidx.text.OS_ClearTCBAndStack), (8 bytes).
    Removing os.o(.ARM.exidx.text.OS_Kill), (8 bytes).
    Removing os.o(.text.OS_Fifo_Init), (80 bytes).
    Removing os.o(.ARM.exidx.text.OS_Fifo_Init), (8 bytes).
    Removing os.o(.text.OS_Fifo_Put), (146 bytes).
    Removing os.o(.ARM.exidx.text.OS_Fifo_Put), (8 bytes).
    Removing os.o(.text.OS_Fifo_Get), (116 bytes).
    Removing os.o(.ARM.exidx.text.OS_Fifo_Get), (8 bytes).
    Removing os.o(.text.OS_Fifo_Size), (4 bytes).
    Removing os.o(.ARM.exidx.text.OS_Fifo_Size), (8 bytes).
    Removing os.o(.text.OS_MailBox_Init), (60 bytes).
    Removing os.o(.ARM.exidx.text.OS_MailBox_Init), (8 bytes).
    Removing os.o(.text.OS_MailBox_Send), (46 bytes).
    Removing os.o(.ARM.exidx.text.OS_MailBox_Send), (8 bytes).
    Removing os.o(.text.OS_MailBox_Recv), (46 bytes).
    Removing os.o(.ARM.exidx.text.OS_MailBox_Recv), (8 bytes).
    Removing os.o(.ARM.exidx.text.OS_Time), (8 bytes).
    Removing os.o(.text.OS_TimeDifference), (42 bytes).
    Removing os.o(.ARM.exidx.text.OS_TimeDifference), (8 bytes).
    Removing os.o(.ARM.exidx.text.mscounter), (8 bytes).
    Removing os.o(.ARM.exidx.text.OS_ClearMsTime), (8 bytes).
    Removing os.o(.ARM.exidx.text.Timer1A_Init), (8 bytes).
    Removing os.o(.ARM.exidx.text.Timer1A_Handler), (8 bytes).
    Removing os.o(.text.Timer1A_Stop), (28 bytes).
    Removing os.o(.ARM.exidx.text.Timer1A_Stop), (8 bytes).
    Removing os.o(.text.OS_MsTime), (12 bytes).
    Removing os.o(.ARM.exidx.text.OS_MsTime), (8 bytes).
    Removing os.o(.ARM.exidx.text.OS_Launch), (8 bytes).
    Removing os.o(.text.fputc), (72 bytes).
    Removing os.o(.ARM.exidx.text.fputc), (8 bytes).
    Removing os.o(.text.OS_EndRedirectToFile), (42 bytes).
    Removing os.o(.ARM.exidx.text.OS_EndRedirectToFile), (8 bytes).
    Removing os.o(.text.fgetc), (30 bytes).
    Removing os.o(.ARM.exidx.text.fgetc), (8 bytes).
    Removing os.o(.text.OS_RedirectToFile), (52 bytes).
    Removing os.o(.ARM.exidx.text.OS_RedirectToFile), (8 bytes).
    Removing os.o(.text.OS_RedirectToUART), (14 bytes).
    Removing os.o(.ARM.exidx.text.OS_RedirectToUART), (8 bytes).
    Removing os.o(.text.OS_RedirectToST7735), (4 bytes).
    Removing os.o(.ARM.exidx.text.OS_RedirectToST7735), (8 bytes).
    Removing os.o(.rodata.JitterSize), (4 bytes).
    Removing os.o(.bss.JitterHistogram), (256 bytes).
    Removing os.o(.bss.Fifo), (256 bytes).
    Removing os.o(.bss.GetPt), (4 bytes).
    Removing os.o(.bss.PutPt), (4 bytes).
    Removing os.o(.bss.FIFOmutex), (4 bytes).
    Removing os.o(.bss.RoomLeft), (4 bytes).
    Removing os.o(.bss.CurrentSize), (4 bytes).
    Removing os.o(.bss.mailBoxFree), (4 bytes).
    Removing os.o(.bss.dataReady), (4 bytes).
    Removing os.o(.bss.mail), (4 bytes).
    Removing os.o(.bss.mailFlag), (1 bytes).
    Removing os.o(.bss.StreamToDevice), (4 bytes).
    Removing os.o(.bss.MaxJitter), (4 bytes).
    Removing interpreter.o(.text), (0 bytes).
    Removing interpreter.o(.text.OutCRLF), (16 bytes).
    Removing interpreter.o(.ARM.exidx.text.OutCRLF), (8 bytes).
    Removing interpreter.o(.text.Jitter), (12 bytes).
    Removing interpreter.o(.ARM.exidx.text.Jitter), (8 bytes).
    Removing interpreter.o(.text.Interpreter), (448 bytes).
    Removing interpreter.o(.ARM.exidx.text.Interpreter), (8 bytes).
    Removing interpreter.o(.text.removebackspaces), (98 bytes).
    Removing interpreter.o(.ARM.exidx.text.removebackspaces), (8 bytes).
    Removing interpreter.o(.text.stringparser), (212 bytes).
    Removing interpreter.o(.ARM.exidx.text.stringparser), (8 bytes).
    Removing interpreter.o(.text.extractNum), (140 bytes).
    Removing interpreter.o(.ARM.exidx.text.extractNum), (8 bytes).
    Removing interpreter.o(.text.stringforlcd), (340 bytes).
    Removing interpreter.o(.ARM.exidx.text.stringforlcd), (8 bytes).
    Removing interpreter.o(.rodata.str1.1), (150 bytes).
    Removing interpreter.o(.bss.stringparser.firstword), (50 bytes).
    Removing interpreter.o(.bss.stringforlcd.result), (50 bytes).
    Removing launchpad.o(.text), (0 bytes).
    Removing launchpad.o(.ARM.exidx.text.LaunchPad_Init), (8 bytes).
    Removing launchpad.o(.text.LaunchPad_Input), (34 bytes).
    Removing launchpad.o(.ARM.exidx.text.LaunchPad_Input), (8 bytes).
    Removing launchpad.o(.text.LaunchPad_WaitForTouch), (68 bytes).
    Removing launchpad.o(.ARM.exidx.text.LaunchPad_WaitForTouch), (8 bytes).
    Removing launchpad.o(.text.DelayMs), (46 bytes).
    Removing launchpad.o(.ARM.exidx.text.DelayMs), (8 bytes).
    Removing launchpad.o(.text.LaunchPad_WaitForRelease), (126 bytes).
    Removing launchpad.o(.ARM.exidx.text.LaunchPad_WaitForRelease), (8 bytes).
    Removing launchpad.o(.text.LaunchPad_Output), (26 bytes).
    Removing launchpad.o(.ARM.exidx.text.LaunchPad_Output), (8 bytes).
    Removing pll.o(.text), (0 bytes).
    Removing pll.o(.ARM.exidx.text.PLL_Init), (8 bytes).
    Removing st7735.o(.text), (0 bytes).
    Removing st7735.o(.text.Delay1ms), (46 bytes).
    Removing st7735.o(.ARM.exidx.text.Delay1ms), (8 bytes).
    Removing st7735.o(.text.ST7735_InitB), (64 bytes).
    Removing st7735.o(.ARM.exidx.text.ST7735_InitB), (8 bytes).
    Removing st7735.o(.text.commonInit), (422 bytes).
    Removing st7735.o(.ARM.exidx.text.commonInit), (8 bytes).
    Removing st7735.o(.text.ST7735_SetCursor), (54 bytes).
    Removing st7735.o(.ARM.exidx.text.ST7735_SetCursor), (8 bytes).
    Removing st7735.o(.text.ST7735_FillScreen), (52 bytes).
    Removing st7735.o(.ARM.exidx.text.ST7735_FillScreen), (8 bytes).
    Removing st7735.o(.text.ST7735_InitR), (194 bytes).
    Removing st7735.o(.ARM.exidx.text.ST7735_InitR), (8 bytes).
    Removing st7735.o(.text.commandList), (170 bytes).
    Removing st7735.o(.ARM.exidx.text.commandList), (8 bytes).
    Removing st7735.o(.text.writecommand), (126 bytes).
    Removing st7735.o(.ARM.exidx.text.writecommand), (8 bytes).
    Removing st7735.o(.text.writedata), (128 bytes).
    Removing st7735.o(.ARM.exidx.text.writedata), (8 bytes).
    Removing st7735.o(.text.ST7735_DrawPixel), (112 bytes).
    Removing st7735.o(.ARM.exidx.text.ST7735_DrawPixel), (8 bytes).
    Removing st7735.o(.text.setAddrWindow), (148 bytes).
    Removing st7735.o(.ARM.exidx.text.setAddrWindow), (8 bytes).
    Removing st7735.o(.text.pushColor), (28 bytes).
    Removing st7735.o(.ARM.exidx.text.pushColor), (8 bytes).
    Removing st7735.o(.text.ST7735_DrawFastVLine), (198 bytes).
    Removing st7735.o(.ARM.exidx.text.ST7735_DrawFastVLine), (8 bytes).
    Removing st7735.o(.text.ST7735_DrawFastHLine), (198 bytes).
    Removing st7735.o(.ARM.exidx.text.ST7735_DrawFastHLine), (8 bytes).
    Removing st7735.o(.text.ST7735_FillRect), (318 bytes).
    Removing st7735.o(.ARM.exidx.text.ST7735_FillRect), (8 bytes).
    Removing st7735.o(.text.ST7735_DrawSmallCircle), (212 bytes).
    Removing st7735.o(.ARM.exidx.text.ST7735_DrawSmallCircle), (8 bytes).
    Removing st7735.o(.text.ST7735_DrawCircle), (212 bytes).
    Removing st7735.o(.ARM.exidx.text.ST7735_DrawCircle), (8 bytes).
    Removing st7735.o(.text.ST7735_Color565), (48 bytes).
    Removing st7735.o(.ARM.exidx.text.ST7735_Color565), (8 bytes).
    Removing st7735.o(.text.ST7735_SwapColor), (28 bytes).
    Removing st7735.o(.ARM.exidx.text.ST7735_SwapColor), (8 bytes).
    Removing st7735.o(.text.ST7735_DrawBitmap), (588 bytes).
    Removing st7735.o(.ARM.exidx.text.ST7735_DrawBitmap), (8 bytes).
    Removing st7735.o(.text.ST7735_DrawCharS), (438 bytes).
    Removing st7735.o(.ARM.exidx.text.ST7735_DrawCharS), (8 bytes).
    Removing st7735.o(.text.ST7735_DrawChar), (432 bytes).
    Removing st7735.o(.ARM.exidx.text.ST7735_DrawChar), (8 bytes).
    Removing st7735.o(.text.ST7735_DrawString), (154 bytes).
    Removing st7735.o(.ARM.exidx.text.ST7735_DrawString), (8 bytes).
    Removing st7735.o(.text.fillmessage), (112 bytes).
    Removing st7735.o(.ARM.exidx.text.fillmessage), (8 bytes).
    Removing st7735.o(.text.fillmessage4), (164 bytes).
    Removing st7735.o(.ARM.exidx.text.fillmessage4), (8 bytes).
    Removing st7735.o(.text.fillmessage5), (218 bytes).
    Removing st7735.o(.ARM.exidx.text.fillmessage5), (8 bytes).
    Removing st7735.o(.text.ST7735_OutUDec), (166 bytes).
    Removing st7735.o(.ARM.exidx.text.ST7735_OutUDec), (8 bytes).
    Removing st7735.o(.text.ST7735_OutUDec2), (112 bytes).
    Removing st7735.o(.ARM.exidx.text.ST7735_OutUDec2), (8 bytes).
    Removing st7735.o(.text.ST7735_Message), (158 bytes).
    Removing st7735.o(.ARM.exidx.text.ST7735_Message), (8 bytes).
    Removing st7735.o(.text.ST7735_OutString), (36 bytes).
    Removing st7735.o(.ARM.exidx.text.ST7735_OutString), (8 bytes).
    Removing st7735.o(.text.ST7735_OutUDec4), (166 bytes).
    Removing st7735.o(.ARM.exidx.text.ST7735_OutUDec4), (8 bytes).
    Removing st7735.o(.text.ST7735_OutUDec5), (166 bytes).
    Removing st7735.o(.ARM.exidx.text.ST7735_OutUDec5), (8 bytes).
    Removing st7735.o(.text.ST7735_SetRotation), (290 bytes).
    Removing st7735.o(.ARM.exidx.text.ST7735_SetRotation), (8 bytes).
    Removing st7735.o(.text.ST7735_InvertDisplay), (32 bytes).
    Removing st7735.o(.ARM.exidx.text.ST7735_InvertDisplay), (8 bytes).
    Removing st7735.o(.text.ST7735_PlotClear), (144 bytes).
    Removing st7735.o(.ARM.exidx.text.ST7735_PlotClear), (8 bytes).
    Removing st7735.o(.text.ST7735_PlotPoint), (222 bytes).
    Removing st7735.o(.ARM.exidx.text.ST7735_PlotPoint), (8 bytes).
    Removing st7735.o(.text.ST7735_PlotLine), (462 bytes).
    Removing st7735.o(.ARM.exidx.text.ST7735_PlotLine), (8 bytes).
    Removing st7735.o(.text.ST7735_PlotPoints), (314 bytes).
    Removing st7735.o(.ARM.exidx.text.ST7735_PlotPoints), (8 bytes).
    Removing st7735.o(.text.ST7735_PlotBar), (138 bytes).
    Removing st7735.o(.ARM.exidx.text.ST7735_PlotBar), (8 bytes).
    Removing st7735.o(.text.ST7735_PlotdBfs), (96 bytes).
    Removing st7735.o(.ARM.exidx.text.ST7735_PlotdBfs), (8 bytes).
    Removing st7735.o(.text.ST7735_PlotNext), (48 bytes).
    Removing st7735.o(.ARM.exidx.text.ST7735_PlotNext), (8 bytes).
    Removing st7735.o(.text.ST7735_PlotNextErase), (90 bytes).
    Removing st7735.o(.ARM.exidx.text.ST7735_PlotNextErase), (8 bytes).
    Removing st7735.o(.text.ST7735_OutChar), (270 bytes).
    Removing st7735.o(.ARM.exidx.text.ST7735_OutChar), (8 bytes).
    Removing st7735.o(.text.ST7735_SetTextColor), (24 bytes).
    Removing st7735.o(.ARM.exidx.text.ST7735_SetTextColor), (8 bytes).
    Removing st7735.o(.bss.StX), (4 bytes).
    Removing st7735.o(.bss.StY), (4 bytes).
    Removing st7735.o(.data.StTextColor), (2 bytes).
    Removing st7735.o(.rodata.Bcmd), (103 bytes).
    Removing st7735.o(.bss.LCDFree), (4 bytes).
    Removing st7735.o(.rodata.Rcmd1), (59 bytes).
    Removing st7735.o(.bss.printSema), (4 bytes).
    Removing st7735.o(.rodata.Rcmd2green), (13 bytes).
    Removing st7735.o(.bss.ColStart), (1 bytes).
    Removing st7735.o(.bss.RowStart), (1 bytes).
    Removing st7735.o(.rodata.Rcmd2red), (13 bytes).
    Removing st7735.o(.rodata.Rcmd3), (43 bytes).
    Removing st7735.o(.bss.TabColor), (1 bytes).
    Removing st7735.o(.data._width), (2 bytes).
    Removing st7735.o(.data._height), (2 bytes).
    Removing st7735.o(.rodata.smallCircle), (36 bytes).
    Removing st7735.o(.rodata.circle), (60 bytes).
    Removing st7735.o(.rodata.Font), (1275 bytes).
    Removing st7735.o(.bss.Message), (12 bytes).
    Removing st7735.o(.bss.Messageindex), (4 bytes).
    Removing st7735.o(.rodata.str1.1), (25 bytes).
    Removing st7735.o(.bss.Rotation), (1 bytes).
    Removing st7735.o(.bss.Ymax), (4 bytes).
    Removing st7735.o(.bss.Ymin), (4 bytes).
    Removing st7735.o(.bss.Yrange), (4 bytes).
    Removing st7735.o(.bss.X), (4 bytes).
    Removing st7735.o(.bss.lastj), (4 bytes).
    Removing st7735.o(.rodata.dBfs), (512 bytes).
    Removing adcswtrigger.o(.text), (0 bytes).
    Removing adcswtrigger.o(.text.ADC0_InitSWTriggerSeq3_Ch9), (274 bytes).
    Removing adcswtrigger.o(.ARM.exidx.text.ADC0_InitSWTriggerSeq3_Ch9), (8 bytes).
    Removing adcswtrigger.o(.text.ADC0_InitSWTriggerSeq3_Ch7), (274 bytes).
    Removing adcswtrigger.o(.ARM.exidx.text.ADC0_InitSWTriggerSeq3_Ch7), (8 bytes).
    Removing adcswtrigger.o(.text.ADC0_InitSWTriggerSeq3), (1144 bytes).
    Removing adcswtrigger.o(.ARM.exidx.text.ADC0_InitSWTriggerSeq3), (8 bytes).
    Removing adcswtrigger.o(.text.ADC0_InSeq3), (70 bytes).
    Removing adcswtrigger.o(.ARM.exidx.text.ADC0_InSeq3), (8 bytes).
    Removing adcswtrigger.o(.text.ADC_Init89), (244 bytes).
    Removing adcswtrigger.o(.ARM.exidx.text.ADC_Init89), (8 bytes).
    Removing adcswtrigger.o(.text.ADC_In89), (82 bytes).
    Removing adcswtrigger.o(.ARM.exidx.text.ADC_In89), (8 bytes).
    Removing adcswtrigger.o(.text.ADC0_InitSWTriggerSeq2), (268 bytes).
    Removing adcswtrigger.o(.ARM.exidx.text.ADC0_InitSWTriggerSeq2), (8 bytes).
    Removing adcswtrigger.o(.text.ADC0_InSeq2), (104 bytes).
    Removing adcswtrigger.o(.ARM.exidx.text.ADC0_InSeq2), (8 bytes).
    Removing adcswtrigger.o(.text.ADC0_InitSWTriggerSeq3_InternalTemperature), (160 bytes).
    Removing adcswtrigger.o(.ARM.exidx.text.ADC0_InitSWTriggerSeq3_InternalTemperature), (8 bytes).
    Removing adcswtrigger.o(.text.ADC0_InSeq3_InternalTemperature), (88 bytes).
    Removing adcswtrigger.o(.ARM.exidx.text.ADC0_InSeq3_InternalTemperature), (8 bytes).
    Removing adcswtrigger.o(.text.ADC_Init3210), (300 bytes).
    Removing adcswtrigger.o(.ARM.exidx.text.ADC_Init3210), (8 bytes).
    Removing adcswtrigger.o(.text.ADC_In3210), (102 bytes).
    Removing adcswtrigger.o(.ARM.exidx.text.ADC_In3210), (8 bytes).
    Removing adcswtrigger.o(.bss.UserTask2), (4 bytes).
    Removing adct0atrigger.o(.text), (0 bytes).
    Removing adct0atrigger.o(.text.dummyADC), (8 bytes).
    Removing adct0atrigger.o(.ARM.exidx.text.dummyADC), (8 bytes).
    Removing adct0atrigger.o(.text.ADC0_InitTimer0ATriggerSeq0), (1312 bytes).
    Removing adct0atrigger.o(.ARM.exidx.text.ADC0_InitTimer0ATriggerSeq0), (8 bytes).
    Removing adct0atrigger.o(.ARM.exidx.text.ADC0Seq0_Handler), (8 bytes).
    Removing adct0atrigger.o(.text.ADC0_InitTimer0ATriggerSeq3PD3), (340 bytes).
    Removing adct0atrigger.o(.ARM.exidx.text.ADC0_InitTimer0ATriggerSeq3PD3), (8 bytes).
    Removing adct0atrigger.o(.ARM.exidx.text.ADC0Seq3_Handler), (8 bytes).
    Removing lpf.o(.text), (0 bytes).
    Removing lpf.o(.text.sqrt2), (70 bytes).
    Removing lpf.o(.ARM.exidx.text.sqrt2), (8 bytes).
    Removing lpf.o(.text.LPF_Init), (116 bytes).
    Removing lpf.o(.ARM.exidx.text.LPF_Init), (8 bytes).
    Removing lpf.o(.text.LPF_Calc), (130 bytes).
    Removing lpf.o(.ARM.exidx.text.LPF_Calc), (8 bytes).
    Removing lpf.o(.text.Noise), (226 bytes).
    Removing lpf.o(.ARM.exidx.text.Noise), (8 bytes).
    Removing lpf.o(.text.LPF_Init2), (116 bytes).
    Removing lpf.o(.ARM.exidx.text.LPF_Init2), (8 bytes).
    Removing lpf.o(.text.LPF_Calc2), (130 bytes).
    Removing lpf.o(.ARM.exidx.text.LPF_Calc2), (8 bytes).
    Removing lpf.o(.text.Noise2), (226 bytes).
    Removing lpf.o(.ARM.exidx.text.Noise2), (8 bytes).
    Removing lpf.o(.text.LPF_Init3), (116 bytes).
    Removing lpf.o(.ARM.exidx.text.LPF_Init3), (8 bytes).
    Removing lpf.o(.text.LPF_Calc3), (130 bytes).
    Removing lpf.o(.ARM.exidx.text.LPF_Calc3), (8 bytes).
    Removing lpf.o(.text.Noise3), (226 bytes).
    Removing lpf.o(.ARM.exidx.text.Noise3), (8 bytes).
    Removing lpf.o(.text.LPF_Init4), (116 bytes).
    Removing lpf.o(.ARM.exidx.text.LPF_Init4), (8 bytes).
    Removing lpf.o(.text.LPF_Calc4), (130 bytes).
    Removing lpf.o(.ARM.exidx.text.LPF_Calc4), (8 bytes).
    Removing lpf.o(.text.Noise4), (226 bytes).
    Removing lpf.o(.ARM.exidx.text.Noise4), (8 bytes).
    Removing lpf.o(.text.LPF_Init5), (116 bytes).
    Removing lpf.o(.ARM.exidx.text.LPF_Init5), (8 bytes).
    Removing lpf.o(.text.LPF_Calc5), (130 bytes).
    Removing lpf.o(.ARM.exidx.text.LPF_Calc5), (8 bytes).
    Removing lpf.o(.text.Noise5), (226 bytes).
    Removing lpf.o(.ARM.exidx.text.Noise5), (8 bytes).
    Removing lpf.o(.text.LPF_Init6), (116 bytes).
    Removing lpf.o(.ARM.exidx.text.LPF_Init6), (8 bytes).
    Removing lpf.o(.text.LPF_Calc6), (130 bytes).
    Removing lpf.o(.ARM.exidx.text.LPF_Calc6), (8 bytes).
    Removing lpf.o(.text.Noise6), (226 bytes).
    Removing lpf.o(.ARM.exidx.text.Noise6), (8 bytes).
    Removing lpf.o(.text.LPF_Init7), (116 bytes).
    Removing lpf.o(.ARM.exidx.text.LPF_Init7), (8 bytes).
    Removing lpf.o(.text.LPF_Calc7), (130 bytes).
    Removing lpf.o(.ARM.exidx.text.LPF_Calc7), (8 bytes).
    Removing lpf.o(.text.Noise7), (226 bytes).
    Removing lpf.o(.ARM.exidx.text.Noise7), (8 bytes).
    Removing lpf.o(.text.Median), (252 bytes).
    Removing lpf.o(.ARM.exidx.text.Median), (8 bytes).
    Removing lpf.o(.text.Filter), (188 bytes).
    Removing lpf.o(.ARM.exidx.text.Filter), (8 bytes).
    Removing lpf.o(.bss.Size1), (4 bytes).
    Removing lpf.o(.bss.I1), (4 bytes).
    Removing lpf.o(.bss.LPFSum1), (4 bytes).
    Removing lpf.o(.bss.x1), (64 bytes).
    Removing lpf.o(.bss.sigma1), (4 bytes).
    Removing lpf.o(.bss.snr1), (4 bytes).
    Removing lpf.o(.bss.Size2), (4 bytes).
    Removing lpf.o(.bss.I2), (4 bytes).
    Removing lpf.o(.bss.LPFSum2), (4 bytes).
    Removing lpf.o(.bss.x2), (64 bytes).
    Removing lpf.o(.bss.sigma2), (4 bytes).
    Removing lpf.o(.bss.snr2), (4 bytes).
    Removing lpf.o(.bss.Size3), (4 bytes).
    Removing lpf.o(.bss.I3), (4 bytes).
    Removing lpf.o(.bss.LPFSum3), (4 bytes).
    Removing lpf.o(.bss.x3), (64 bytes).
    Removing lpf.o(.bss.sigma3), (4 bytes).
    Removing lpf.o(.bss.snr3), (4 bytes).
    Removing lpf.o(.bss.Size4), (4 bytes).
    Removing lpf.o(.bss.I4), (4 bytes).
    Removing lpf.o(.bss.LPFSum4), (4 bytes).
    Removing lpf.o(.bss.x4), (64 bytes).
    Removing lpf.o(.bss.sigma4), (4 bytes).
    Removing lpf.o(.bss.snr4), (4 bytes).
    Removing lpf.o(.bss.Size5), (4 bytes).
    Removing lpf.o(.bss.I5), (4 bytes).
    Removing lpf.o(.bss.LPFSum5), (4 bytes).
    Removing lpf.o(.bss.x5), (64 bytes).
    Removing lpf.o(.bss.sigma5), (4 bytes).
    Removing lpf.o(.bss.snr5), (4 bytes).
    Removing lpf.o(.bss.Size6), (4 bytes).
    Removing lpf.o(.bss.I6), (4 bytes).
    Removing lpf.o(.bss.LPFSum6), (4 bytes).
    Removing lpf.o(.bss.x6), (64 bytes).
    Removing lpf.o(.bss.sigma6), (4 bytes).
    Removing lpf.o(.bss.snr6), (4 bytes).
    Removing lpf.o(.bss.Size7), (4 bytes).
    Removing lpf.o(.bss.I7), (4 bytes).
    Removing lpf.o(.bss.LPFSum7), (4 bytes).
    Removing lpf.o(.bss.x7), (64 bytes).
    Removing lpf.o(.bss.sigma7), (4 bytes).
    Removing lpf.o(.bss.snr7), (4 bytes).
    Removing lpf.o(.bss.u2), (4 bytes).
    Removing lpf.o(.bss.u3), (4 bytes).
    Removing lpf.o(.bss.u1), (4 bytes).
    Removing lpf.o(.bss.Filter.x), (24 bytes).
    Removing lpf.o(.bss.Filter.y), (24 bytes).
    Removing lpf.o(.data.Filter.n), (4 bytes).
    Removing wtimer0a.o(.text), (0 bytes).
    Removing wtimer0a.o(.text.WideTimer0A_Init), (170 bytes).
    Removing wtimer0a.o(.ARM.exidx.text.WideTimer0A_Init), (8 bytes).
    Removing wtimer0a.o(.ARM.exidx.text.WideTimer0A_Handler), (8 bytes).
    Removing wtimer0a.o(.text.WideTimer0_Stop), (28 bytes).
    Removing wtimer0a.o(.ARM.exidx.text.WideTimer0_Stop), (8 bytes).
    Removing edisk.o(.text), (0 bytes).
    Removing edisk.o(.text.CS_Init), (148 bytes).
    Removing edisk.o(.ARM.exidx.text.CS_Init), (8 bytes).
    Removing edisk.o(.text.SSI0_Init), (350 bytes).
    Removing edisk.o(.ARM.exidx.text.SSI0_Init), (8 bytes).
    Removing edisk.o(.text.eDisk_Init), (612 bytes).
    Removing edisk.o(.ARM.exidx.text.eDisk_Init), (8 bytes).
    Removing edisk.o(.text.init_spi), (52 bytes).
    Removing edisk.o(.ARM.exidx.text.init_spi), (8 bytes).
    Removing edisk.o(.text.xchg_spi), (86 bytes).
    Removing edisk.o(.ARM.exidx.text.xchg_spi), (8 bytes).
    Removing edisk.o(.text.send_cmd), (296 bytes).
    Removing edisk.o(.ARM.exidx.text.send_cmd), (8 bytes).
    Removing edisk.o(.text.deselect), (22 bytes).
    Removing edisk.o(.ARM.exidx.text.deselect), (8 bytes).
    Removing edisk.o(.text.eDisk_Status), (46 bytes).
    Removing edisk.o(.ARM.exidx.text.eDisk_Status), (8 bytes).
    Removing edisk.o(.text.eDisk_Read), (218 bytes).
    Removing edisk.o(.ARM.exidx.text.eDisk_Read), (8 bytes).
    Removing edisk.o(.text.rcvr_datablock), (128 bytes).
    Removing edisk.o(.ARM.exidx.text.rcvr_datablock), (8 bytes).
    Removing edisk.o(.text.eDisk_ReadBlock), (24 bytes).
    Removing edisk.o(.ARM.exidx.text.eDisk_ReadBlock), (8 bytes).
    Removing edisk.o(.text.eDisk_Write), (278 bytes).
    Removing edisk.o(.ARM.exidx.text.eDisk_Write), (8 bytes).
    Removing edisk.o(.text.xmit_datablock), (114 bytes).
    Removing edisk.o(.ARM.exidx.text.xmit_datablock), (8 bytes).
    Removing edisk.o(.text.eDisk_WriteBlock), (24 bytes).
    Removing edisk.o(.ARM.exidx.text.eDisk_WriteBlock), (8 bytes).
    Removing edisk.o(.text.disk_ioctl), (724 bytes).
    Removing edisk.o(.ARM.exidx.text.disk_ioctl), (8 bytes).
    Removing edisk.o(.text.select), (68 bytes).
    Removing edisk.o(.ARM.exidx.text.select), (8 bytes).
    Removing edisk.o(.text.wait_ready), (92 bytes).
    Removing edisk.o(.ARM.exidx.text.wait_ready), (8 bytes).
    Removing edisk.o(.text.disk_timerproc), (142 bytes).
    Removing edisk.o(.ARM.exidx.text.disk_timerproc), (8 bytes).
    Removing edisk.o(.text.rcvr_spi_multi), (42 bytes).
    Removing edisk.o(.ARM.exidx.text.rcvr_spi_multi), (8 bytes).
    Removing edisk.o(.text.rcvr_spi), (70 bytes).
    Removing edisk.o(.ARM.exidx.text.rcvr_spi), (8 bytes).
    Removing edisk.o(.text.xmit_spi_multi), (82 bytes).
    Removing edisk.o(.ARM.exidx.text.xmit_spi_multi), (8 bytes).
    Removing edisk.o(.data.Stat), (1 bytes).
    Removing edisk.o(.bss.Timer1), (4 bytes).
    Removing edisk.o(.bss.CardType), (1 bytes).
    Removing edisk.o(.bss.Timer2), (4 bytes).
    Removing efile.o(.text), (0 bytes).
    Removing efile.o(.text.eFile_Init), (4 bytes).
    Removing efile.o(.ARM.exidx.text.eFile_Init), (8 bytes).
    Removing efile.o(.text.eFile_Format), (4 bytes).
    Removing efile.o(.ARM.exidx.text.eFile_Format), (8 bytes).
    Removing efile.o(.text.eFile_Mount), (4 bytes).
    Removing efile.o(.ARM.exidx.text.eFile_Mount), (8 bytes).
    Removing efile.o(.text.eFile_Create), (10 bytes).
    Removing efile.o(.ARM.exidx.text.eFile_Create), (8 bytes).
    Removing efile.o(.text.eFile_WOpen), (10 bytes).
    Removing efile.o(.ARM.exidx.text.eFile_WOpen), (8 bytes).
    Removing efile.o(.text.eFile_Write), (12 bytes).
    Removing efile.o(.ARM.exidx.text.eFile_Write), (8 bytes).
    Removing efile.o(.text.eFile_WClose), (4 bytes).
    Removing efile.o(.ARM.exidx.text.eFile_WClose), (8 bytes).
    Removing efile.o(.text.eFile_ROpen), (10 bytes).
    Removing efile.o(.ARM.exidx.text.eFile_ROpen), (8 bytes).
    Removing efile.o(.text.eFile_ReadNext), (10 bytes).
    Removing efile.o(.ARM.exidx.text.eFile_ReadNext), (8 bytes).
    Removing efile.o(.text.eFile_RClose), (4 bytes).
    Removing efile.o(.ARM.exidx.text.eFile_RClose), (8 bytes).
    Removing efile.o(.text.eFile_Delete), (10 bytes).
    Removing efile.o(.ARM.exidx.text.eFile_Delete), (8 bytes).
    Removing efile.o(.text.eFile_DOpen), (10 bytes).
    Removing efile.o(.ARM.exidx.text.eFile_DOpen), (8 bytes).
    Removing efile.o(.text.eFile_DirNext), (12 bytes).
    Removing efile.o(.ARM.exidx.text.eFile_DirNext), (8 bytes).
    Removing efile.o(.text.eFile_DClose), (4 bytes).
    Removing efile.o(.ARM.exidx.text.eFile_DClose), (8 bytes).
    Removing efile.o(.text.eFile_Unmount), (4 bytes).
    Removing efile.o(.ARM.exidx.text.eFile_Unmount), (8 bytes).
    Removing cr4_fft_64_stm32.o(.text), (718 bytes).
    Removing pid_stm32.o(.text), (72 bytes).
    Removing uart0int.o(.text), (0 bytes).
    Removing uart0int.o(.text.UART_Init), (234 bytes).
    Removing uart0int.o(.ARM.exidx.text.UART_Init), (8 bytes).
    Removing uart0int.o(.text.UART_InChar), (28 bytes).
    Removing uart0int.o(.ARM.exidx.text.UART_InChar), (8 bytes).
    Removing uart0int.o(.text.UART_InCharNonBlock), (42 bytes).
    Removing uart0int.o(.ARM.exidx.text.UART_InCharNonBlock), (8 bytes).
    Removing uart0int.o(.text.UART_OutChar), (60 bytes).
    Removing uart0int.o(.ARM.exidx.text.UART_OutChar), (8 bytes).
    Removing uart0int.o(.ARM.exidx.text.copySoftwareToHardware), (8 bytes).
    Removing uart0int.o(.text.UART_OutCharNonBlock), (60 bytes).
    Removing uart0int.o(.ARM.exidx.text.UART_OutCharNonBlock), (8 bytes).
    Removing uart0int.o(.ARM.exidx.text.UART0_Handler), (8 bytes).
    Removing uart0int.o(.ARM.exidx.text.copyHardwareToSoftware), (8 bytes).
    Removing uart0int.o(.text.UART_OutString), (36 bytes).
    Removing uart0int.o(.ARM.exidx.text.UART_OutString), (8 bytes).
    Removing uart0int.o(.text.UART_InUDec), (152 bytes).
    Removing uart0int.o(.ARM.exidx.text.UART_InUDec), (8 bytes).
    Removing uart0int.o(.text.UART_OutUDec), (72 bytes).
    Removing uart0int.o(.ARM.exidx.text.UART_OutUDec), (8 bytes).
    Removing uart0int.o(.text.UART_OutSDec), (40 bytes).
    Removing uart0int.o(.ARM.exidx.text.UART_OutSDec), (8 bytes).
    Removing uart0int.o(.text.UART_InUHex), (218 bytes).
    Removing uart0int.o(.ARM.exidx.text.UART_InUHex), (8 bytes).
    Removing uart0int.o(.text.UART_OutUHex), (72 bytes).
    Removing uart0int.o(.ARM.exidx.text.UART_OutUHex), (8 bytes).
    Removing uart0int.o(.text.Fixed_Fix2Str), (480 bytes).
    Removing uart0int.o(.ARM.exidx.text.Fixed_Fix2Str), (8 bytes).
    Removing uart0int.o(.text.UART_Fix2), (28 bytes).
    Removing uart0int.o(.ARM.exidx.text.UART_Fix2), (8 bytes).
    Removing uart0int.o(.text.UART_InString), (136 bytes).
    Removing uart0int.o(.ARM.exidx.text.UART_InString), (8 bytes).
    Removing uart0int.o(.rodata.str1.1), (8 bytes).
    Removing irdistance.o(.text), (0 bytes).
    Removing irdistance.o(.text.IRDistance_Convert), (94 bytes).
    Removing irdistance.o(.ARM.exidx.text.IRDistance_Convert), (8 bytes).
    Removing irdistance.o(.rodata.A), (16 bytes).
    Removing irdistance.o(.rodata.B), (16 bytes).
    Removing irdistance.o(.rodata.C), (16 bytes).
    Removing irdistance.o(.rodata.IRmax), (16 bytes).
    Removing adc.o(.text), (0 bytes).
    Removing adc.o(.text.ADC_Init), (38 bytes).
    Removing adc.o(.ARM.exidx.text.ADC_Init), (8 bytes).
    Removing adc.o(.text.ADC_In), (8 bytes).
    Removing adc.o(.ARM.exidx.text.ADC_In), (8 bytes).
    Removing fifosimple.o(.text), (0 bytes).
    Removing fifosimple.o(.text.TxFifo_Init), (24 bytes).
    Removing fifosimple.o(.ARM.exidx.text.TxFifo_Init), (8 bytes).
    Removing fifosimple.o(.text.TxFifo_Put), (86 bytes).
    Removing fifosimple.o(.ARM.exidx.text.TxFifo_Put), (8 bytes).
    Removing fifosimple.o(.ARM.exidx.text.TxFifo_Get), (8 bytes).
    Removing fifosimple.o(.ARM.exidx.text.TxFifo_Size), (8 bytes).
    Removing fifosimple.o(.text.RxFifo_Init), (24 bytes).
    Removing fifosimple.o(.ARM.exidx.text.RxFifo_Init), (8 bytes).
    Removing fifosimple.o(.ARM.exidx.text.RxFifo_Put), (8 bytes).
    Removing fifosimple.o(.text.RxFifo_Get), (82 bytes).
    Removing fifosimple.o(.ARM.exidx.text.RxFifo_Get), (8 bytes).
    Removing fifosimple.o(.ARM.exidx.text.RxFifo_Size), (8 bytes).
    Removing timer5a.o(.text), (0 bytes).
    Removing timer5a.o(.text.Timer5A_Init), (160 bytes).
    Removing timer5a.o(.ARM.exidx.text.Timer5A_Init), (8 bytes).
    Removing timer5a.o(.ARM.exidx.text.Timer5A_Handler), (8 bytes).
    Removing timer5a.o(.text.Timer5_Stop), (28 bytes).
    Removing timer5a.o(.ARM.exidx.text.Timer5_Stop), (8 bytes).
    Removing switch.o(.text), (0 bytes).
    Removing switch.o(.ARM.exidx.text.Switch_Init), (8 bytes).
    Removing switch.o(.ARM.exidx.text.GPIOArm), (8 bytes).
    Removing switch.o(.text.DebounceTask), (66 bytes).
    Removing switch.o(.ARM.exidx.text.DebounceTask), (8 bytes).
    Removing switch.o(.ARM.exidx.text.GPIOPortF_Handler), (8 bytes).
    Removing switch.o(.bss.ReleaseTask), (4 bytes).
    Removing timer3a.o(.text), (0 bytes).
    Removing timer3a.o(.ARM.exidx.text.Timer3A_Init), (8 bytes).
    Removing timer3a.o(.ARM.exidx.text.Timer3A_Handler), (8 bytes).
    Removing timer3a.o(.text.Timer3A_Stop), (26 bytes).
    Removing timer3a.o(.ARM.exidx.text.Timer3A_Stop), (8 bytes).
    Removing dadd.o(.text), (334 bytes).
    Removing dmul.o(.text), (228 bytes).
    Removing ddiv.o(.text), (222 bytes).
    Removing dfixul.o(.text), (48 bytes).
    Removing cdrcmple.o(.text), (48 bytes).
    Removing depilogue.o(.text), (186 bytes).

630 unused section(s) (total 36739 bytes) removed from the image.

==============================================================================

Image Symbol Table

    Local Symbols

    Symbol Name                              Value     Ov Type        Size  Object(Section)

    ../clib/division.s                       0x00000000   Number         0  aeabi_sdiv.o ABSOLUTE
    ../clib/microlib/ctype/ctype.c           0x00000000   Number         0  ctype_o.o ABSOLUTE
    ../clib/microlib/ctype/ctype.c           0x00000000   Number         0  isalnum_o.o ABSOLUTE
    ../clib/microlib/ctype/ctype.c           0x00000000   Number         0  isalpha_o.o ABSOLUTE
    ../clib/microlib/ctype/ctype.c           0x00000000   Number         0  isblank_o.o ABSOLUTE
    ../clib/microlib/ctype/ctype.c           0x00000000   Number         0  iscntrl_o.o ABSOLUTE
    ../clib/microlib/ctype/ctype.c           0x00000000   Number         0  isdigit_o.o ABSOLUTE
    ../clib/microlib/ctype/ctype.c           0x00000000   Number         0  isgraph_o.o ABSOLUTE
    ../clib/microlib/ctype/ctype.c           0x00000000   Number         0  islower_o.o ABSOLUTE
    ../clib/microlib/ctype/ctype.c           0x00000000   Number         0  isprint_o.o ABSOLUTE
    ../clib/microlib/ctype/ctype.c           0x00000000   Number         0  ispunct_o.o ABSOLUTE
    ../clib/microlib/ctype/ctype.c           0x00000000   Number         0  isspace_o.o ABSOLUTE
    ../clib/microlib/ctype/ctype.c           0x00000000   Number         0  isupper_o.o ABSOLUTE
    ../clib/microlib/ctype/ctype.c           0x00000000   Number         0  isxdigit_o.o ABSOLUTE
    ../clib/microlib/division.c              0x00000000   Number         0  uidiv.o ABSOLUTE
    ../clib/microlib/division.c              0x00000000   Number         0  uldiv.o ABSOLUTE
    ../clib/microlib/errno.c                 0x00000000   Number         0  errno.o ABSOLUTE
    ../clib/microlib/init/entry.s            0x00000000   Number         0  entry.o ABSOLUTE
    ../clib/microlib/init/entry.s            0x00000000   Number         0  entry2.o ABSOLUTE
    ../clib/microlib/init/entry.s            0x00000000   Number         0  entry5.o ABSOLUTE
    ../clib/microlib/init/entry.s            0x00000000   Number         0  entry7a.o ABSOLUTE
    ../clib/microlib/init/entry.s            0x00000000   Number         0  entry7b.o ABSOLUTE
    ../clib/microlib/init/entry.s            0x00000000   Number         0  entry8a.o ABSOLUTE
    ../clib/microlib/init/entry.s            0x00000000   Number         0  entry8b.o ABSOLUTE
    ../clib/microlib/init/entry.s            0x00000000   Number         0  entry9a.o ABSOLUTE
    ../clib/microlib/init/entry.s            0x00000000   Number         0  entry9b.o ABSOLUTE
    ../clib/microlib/init/entry.s            0x00000000   Number         0  entry10a.o ABSOLUTE
    ../clib/microlib/init/entry.s            0x00000000   Number         0  entry10b.o ABSOLUTE
    ../clib/microlib/init/entry.s            0x00000000   Number         0  entry11a.o ABSOLUTE
    ../clib/microlib/init/entry.s            0x00000000   Number         0  entry11b.o ABSOLUTE
    ../clib/microlib/longlong.c              0x00000000   Number         0  llshl.o ABSOLUTE
    ../clib/microlib/longlong.c              0x00000000   Number         0  llushr.o ABSOLUTE
    ../clib/microlib/longlong.c              0x00000000   Number         0  llsshr.o ABSOLUTE
    ../clib/microlib/printf/printf.c         0x00000000   Number         0  printfa.o ABSOLUTE
    ../clib/microlib/stdio/streams.c         0x00000000   Number         0  stdout.o ABSOLUTE
    ../clib/microlib/string/strcmp.c         0x00000000   Number         0  strcmp.o ABSOLUTE
    ../clib/microlib/string/strcpy.c         0x00000000   Number         0  strcpy.o ABSOLUTE
    ../clib/microlib/stubs.s                 0x00000000   Number         0  iusefp.o ABSOLUTE
    ../clib/scanf.c                          0x00000000   Number         0  atoi.o ABSOLUTE
    ../clib/scanf.c                          0x00000000   Number         0  strtol.o ABSOLUTE
    ../clib/scanf.c                          0x00000000   Number         0  _strtoul.o ABSOLUTE
    ../clib/scanf.c                          0x00000000   Number         0  _chval.o ABSOLUTE
    ../fplib/microlib/fpadd.c                0x00000000   Number         0  dadd.o ABSOLUTE
    ../fplib/microlib/fpdiv.c                0x00000000   Number         0  ddiv.o ABSOLUTE
    ../fplib/microlib/fpepilogue.c           0x00000000   Number         0  depilogue.o ABSOLUTE
    ../fplib/microlib/fpfix.c                0x00000000   Number         0  dfixul.o ABSOLUTE
    ../fplib/microlib/fpmul.c                0x00000000   Number         0  dmul.o ABSOLUTE
    ..\RTOS_Labs_common\osasm.s              0x00000000   Number         0  osasm.o ABSOLUTE
    ..\inc\PID_stm32.s                       0x00000000   Number         0  pid_stm32.o ABSOLUTE
    ..\inc\cr4_fft_64_stm32.s                0x00000000   Number         0  cr4_fft_64_stm32.o ABSOLUTE
    ADC.c                                    0x00000000   Number         0  adc.o ABSOLUTE
    ADCSWTrigger.c                           0x00000000   Number         0  adcswtrigger.o ABSOLUTE
    ADCT0ATrigger.c                          0x00000000   Number         0  adct0atrigger.o ABSOLUTE
    FIFOsimple.c                             0x00000000   Number         0  fifosimple.o ABSOLUTE
    IRDistance.c                             0x00000000   Number         0  irdistance.o ABSOLUTE
    Interpreter.c                            0x00000000   Number         0  interpreter.o ABSOLUTE
    LPF.c                                    0x00000000   Number         0  lpf.o ABSOLUTE
    Lab2.c                                   0x00000000   Number         0  lab2.o ABSOLUTE
    LaunchPad.c                              0x00000000   Number         0  launchpad.o ABSOLUTE
    OS.c                                     0x00000000   Number         0  os.o ABSOLUTE
    PLL.c                                    0x00000000   Number         0  pll.o ABSOLUTE
    ST7735.c                                 0x00000000   Number         0  st7735.o ABSOLUTE
    Switch.c                                 0x00000000   Number         0  switch.o ABSOLUTE
    Timer3A.c                                0x00000000   Number         0  timer3a.o ABSOLUTE
    Timer5A.c                                0x00000000   Number         0  timer5a.o ABSOLUTE
    UART0int.c                               0x00000000   Number         0  uart0int.o ABSOLUTE
    WTimer0A.c                               0x00000000   Number         0  wtimer0a.o ABSOLUTE
    cdrcmple.s                               0x00000000   Number         0  cdrcmple.o ABSOLUTE
    dc.s                                     0x00000000   Number         0  dc.o ABSOLUTE
    eDisk.c                                  0x00000000   Number         0  edisk.o ABSOLUTE
    efile.c                                  0x00000000   Number         0  efile.o ABSOLUTE
    handlers.s                               0x00000000   Number         0  handlers.o ABSOLUTE
    init.s                                   0x00000000   Number         0  init.o ABSOLUTE
    startup.s                                0x00000000   Number         0  startup.o ABSOLUTE
    RESET                                    0x00000000   Section      644  startup.o(RESET)
    .ARM.Collect$$$$00000000                 0x00000284   Section        0  entry.o(.ARM.Collect$$$$00000000)
    .ARM.Collect$$$$00000001                 0x00000284   Section        4  entry2.o(.ARM.Collect$$$$00000001)
    .ARM.Collect$$$$00000004                 0x00000288   Section        4  entry5.o(.ARM.Collect$$$$00000004)
    .ARM.Collect$$$$00000008                 0x0000028c   Section        0  entry7b.o(.ARM.Collect$$$$00000008)
    .ARM.Collect$$$$0000000A                 0x0000028c   Section        0  entry8b.o(.ARM.Collect$$$$0000000A)
    .ARM.Collect$$$$0000000B                 0x0000028c   Section        8  entry9a.o(.ARM.Collect$$$$0000000B)
    __lit__00000000                          0x00000294   Data           4  entry2.o(.ARM.Collect$$$$00002712)
    .ARM.Collect$$$$0000000D                 0x00000294   Section        0  entry10a.o(.ARM.Collect$$$$0000000D)
    .ARM.Collect$$$$0000000F                 0x00000294   Section        0  entry11a.o(.ARM.Collect$$$$0000000F)
    .ARM.Collect$$$$00002712                 0x00000294   Section        4  entry2.o(.ARM.Collect$$$$00002712)
    .text                                    0x00000298   Section       28  startup.o(.text)
    .text                                    0x000002b4   Section      100  osasm.o(.text)
    .text                                    0x00000318   Section       48  init.o(.text)
    [Anonymous Symbol]                       0x00000348   Section        0  adct0atrigger.o(.text.ADC0Seq0_Handler)
    [Anonymous Symbol]                       0x0000037c   Section        0  adct0atrigger.o(.text.ADC0Seq3_Handler)
    [Anonymous Symbol]                       0x000003a0   Section        0  lab2.o(.text.BackgroundThread1e)
    [Anonymous Symbol]                       0x000003e4   Section        0  lab2.o(.text.BackgroundThread5e)
    [Anonymous Symbol]                       0x00000408   Section        0  os.o(.text.ContextSwitch)
    GPIOArm                                  0x00000419   Thumb Code    62  switch.o(.text.GPIOArm)
    [Anonymous Symbol]                       0x00000418   Section        0  switch.o(.text.GPIOArm)
    [Anonymous Symbol]                       0x00000458   Section        0  switch.o(.text.GPIOPortF_Handler)
    [Anonymous Symbol]                       0x00000484   Section        0  launchpad.o(.text.LaunchPad_Init)
    [Anonymous Symbol]                       0x000004f8   Section        0  os.o(.text.OS_AddPeriodicThread)
    [Anonymous Symbol]                       0x00000514   Section        0  os.o(.text.OS_AddSW1Task)
    [Anonymous Symbol]                       0x0000052c   Section        0  os.o(.text.OS_AddThread)
    [Anonymous Symbol]                       0x00000678   Section        0  os.o(.text.OS_AddToQueue)
    [Anonymous Symbol]                       0x000007a4   Section        0  os.o(.text.OS_CheckQueue)
    [Anonymous Symbol]                       0x00000850   Section        0  os.o(.text.OS_ClearMsTime)
    [Anonymous Symbol]                       0x00000874   Section        0  os.o(.text.OS_ClearTCBAndStack)
    [Anonymous Symbol]                       0x0000091c   Section        0  os.o(.text.OS_Id)
    [Anonymous Symbol]                       0x00000920   Section        0  os.o(.text.OS_Init)
    [Anonymous Symbol]                       0x000009c8   Section        0  os.o(.text.OS_InitSemaphore)
    [Anonymous Symbol]                       0x000009d8   Section        0  os.o(.text.OS_Kill)
    [Anonymous Symbol]                       0x000009f4   Section        0  os.o(.text.OS_Launch)
    [Anonymous Symbol]                       0x00000a0c   Section        0  os.o(.text.OS_Sleep)
    [Anonymous Symbol]                       0x00000a2c   Section        0  os.o(.text.OS_Suspend)
    [Anonymous Symbol]                       0x00000a34   Section        0  os.o(.text.OS_Time)
    [Anonymous Symbol]                       0x00000a70   Section        0  os.o(.text.OS_WakeUpThread)
    [Anonymous Symbol]                       0x00000af4   Section        0  os.o(.text.OS_bSignal)
    [Anonymous Symbol]                       0x00000b10   Section        0  os.o(.text.OS_bWait)
    [Anonymous Symbol]                       0x00000b44   Section        0  pll.o(.text.PLL_Init)
    [Anonymous Symbol]                       0x00000bd0   Section        0  fifosimple.o(.text.RxFifo_Put)
    [Anonymous Symbol]                       0x00000c28   Section        0  fifosimple.o(.text.RxFifo_Size)
    [Anonymous Symbol]                       0x00000c40   Section        0  os.o(.text.SetInitialStack)
    [Anonymous Symbol]                       0x00000d20   Section        0  switch.o(.text.Switch_Init)
    [Anonymous Symbol]                       0x00000e10   Section        0  os.o(.text.SysTick_Handler)
    [Anonymous Symbol]                       0x00000e2c   Section        0  os.o(.text.SysTick_Init)
    [Anonymous Symbol]                       0x00000e70   Section        0  lab2.o(.text.Testmain5)
    [Anonymous Symbol]                       0x00000f14   Section        0  lab2.o(.text.Thread2e)
    [Anonymous Symbol]                       0x00000f5c   Section        0  lab2.o(.text.Thread3e)
    [Anonymous Symbol]                       0x00000f7c   Section        0  lab2.o(.text.Thread4e)
    [Anonymous Symbol]                       0x00000fb8   Section        0  os.o(.text.Timer1A_Handler)
    [Anonymous Symbol]                       0x00000fd4   Section        0  os.o(.text.Timer1A_Init)
    [Anonymous Symbol]                       0x00001070   Section        0  timer3a.o(.text.Timer3A_Handler)
    [Anonymous Symbol]                       0x0000108c   Section        0  timer3a.o(.text.Timer3A_Init)
    [Anonymous Symbol]                       0x0000112c   Section        0  timer5a.o(.text.Timer5A_Handler)
    [Anonymous Symbol]                       0x00001148   Section        0  fifosimple.o(.text.TxFifo_Get)
    [Anonymous Symbol]                       0x0000119c   Section        0  fifosimple.o(.text.TxFifo_Size)
    [Anonymous Symbol]                       0x000011b4   Section        0  uart0int.o(.text.UART0_Handler)
    [Anonymous Symbol]                       0x00001240   Section        0  wtimer0a.o(.text.WideTimer0A_Handler)
    copyHardwareToSoftware                   0x0000125d   Thumb Code    86  uart0int.o(.text.copyHardwareToSoftware)
    [Anonymous Symbol]                       0x0000125c   Section        0  uart0int.o(.text.copyHardwareToSoftware)
    copySoftwareToHardware                   0x000012b5   Thumb Code    78  uart0int.o(.text.copySoftwareToHardware)
    [Anonymous Symbol]                       0x000012b4   Section        0  uart0int.o(.text.copySoftwareToHardware)
    [Anonymous Symbol]                       0x00001304   Section        0  lab2.o(.text.main)
    [Anonymous Symbol]                       0x00001310   Section        0  os.o(.text.mscounter)
    i.__scatterload_copy                     0x00001320   Section       14  handlers.o(i.__scatterload_copy)
    i.__scatterload_null                     0x0000132e   Section        2  handlers.o(i.__scatterload_null)
    i.__scatterload_zeroinit                 0x00001330   Section       14  handlers.o(i.__scatterload_zeroinit)
    BackgroundThread1e.i                     0x20000004   Data           4  lab2.o(.bss.BackgroundThread1e.i)
    [Anonymous Symbol]                       0x20000004   Section        0  lab2.o(.bss.BackgroundThread1e.i)
    Last                                     0x20000018   Data           4  switch.o(.bss.Last)
    [Anonymous Symbol]                       0x20000018   Section        0  switch.o(.bss.Last)
    RxFifo                                   0x20000040   Data        1024  fifosimple.o(.bss.RxFifo)
    [Anonymous Symbol]                       0x20000040   Section        0  fifosimple.o(.bss.RxFifo)
    TxFifo                                   0x20002c54   Data        1024  fifosimple.o(.bss.TxFifo)
    [Anonymous Symbol]                       0x20002c54   Section        0  fifosimple.o(.bss.TxFifo)
    taskPriority                             0x20003064   Data           1  switch.o(.bss.taskPriority)
    [Anonymous Symbol]                       0x20003064   Section        0  switch.o(.bss.taskPriority)
    StackMem                                 0x20003188   Data           0  startup.o(STACK)
    STACK                                    0x20003188   Section     1024  startup.o(STACK)

    Global Symbols

    Symbol Name                              Value     Ov Type        Size  Object(Section)

    BuildAttributes$$THM_ISAv4$E$P$D$K$B$S$7EM$PE$A:L22UL41UL21$X:L11$S22US41US21$IEEE1$IW$~IW$USESV6$~STKCKD$USESV7$~SHL$OSPACE$ROPI$EBA8$MICROLIB$REQ8$PRES8$EABIv2 0x00000000   Number         0  anon$$obj.o ABSOLUTE
    __Vectors                                0x00000000   Data           0  startup.o(RESET)
    __cpp_initialize__aeabi_                  - Undefined Weak Reference
    __cxa_finalize                            - Undefined Weak Reference
    __decompress                              - Undefined Weak Reference
    _clock_init                               - Undefined Weak Reference
    _microlib_exit                            - Undefined Weak Reference
    Reset_Handler                            0x0000026d   Thumb Code     0  startup.o(RESET)
    NMI_Handler                              0x00000271   Thumb Code     2  startup.o(RESET)
    HardFault_Handler                        0x00000273   Thumb Code     2  startup.o(RESET)
    MemManage_Handler                        0x00000275   Thumb Code     2  startup.o(RESET)
    BusFault_Handler                         0x00000277   Thumb Code     2  startup.o(RESET)
    UsageFault_Handler                       0x00000279   Thumb Code     2  startup.o(RESET)
    DebugMon_Handler                         0x0000027d   Thumb Code     2  startup.o(RESET)
    ADC0Seq1_Handler                         0x00000283   Thumb Code     0  startup.o(RESET)
    ADC0Seq2_Handler                         0x00000283   Thumb Code     0  startup.o(RESET)
    ADC1Seq0_Handler                         0x00000283   Thumb Code     0  startup.o(RESET)
    ADC1Seq1_Handler                         0x00000283   Thumb Code     0  startup.o(RESET)
    ADC1Seq2_Handler                         0x00000283   Thumb Code     0  startup.o(RESET)
    ADC1Seq3_Handler                         0x00000283   Thumb Code     0  startup.o(RESET)
    CAN0_Handler                             0x00000283   Thumb Code     0  startup.o(RESET)
    CAN1_Handler                             0x00000283   Thumb Code     0  startup.o(RESET)
    CAN2_Handler                             0x00000283   Thumb Code     0  startup.o(RESET)
    Comp0_Handler                            0x00000283   Thumb Code     0  startup.o(RESET)
    Comp1_Handler                            0x00000283   Thumb Code     0  startup.o(RESET)
    Comp2_Handler                            0x00000283   Thumb Code     0  startup.o(RESET)
    Ethernet_Handler                         0x00000283   Thumb Code     0  startup.o(RESET)
    ExtBus_Handler                           0x00000283   Thumb Code     0  startup.o(RESET)
    FPU_Handler                              0x00000283   Thumb Code     0  startup.o(RESET)
    Fan0_Handler                             0x00000283   Thumb Code     0  startup.o(RESET)
    FlashCtl_Handler                         0x00000283   Thumb Code     0  startup.o(RESET)
    GPIOPortA_Handler                        0x00000283   Thumb Code     0  startup.o(RESET)
    GPIOPortB_Handler                        0x00000283   Thumb Code     0  startup.o(RESET)
    GPIOPortC_Handler                        0x00000283   Thumb Code     0  startup.o(RESET)
    GPIOPortD_Handler                        0x00000283   Thumb Code     0  startup.o(RESET)
    GPIOPortE_Handler                        0x00000283   Thumb Code     0  startup.o(RESET)
    GPIOPortG_Handler                        0x00000283   Thumb Code     0  startup.o(RESET)
    GPIOPortH_Handler                        0x00000283   Thumb Code     0  startup.o(RESET)
    GPIOPortJ_Handler                        0x00000283   Thumb Code     0  startup.o(RESET)
    GPIOPortK_Handler                        0x00000283   Thumb Code     0  startup.o(RESET)
    GPIOPortL_Handler                        0x00000283   Thumb Code     0  startup.o(RESET)
    GPIOPortM_Handler                        0x00000283   Thumb Code     0  startup.o(RESET)
    GPIOPortN_Handler                        0x00000283   Thumb Code     0  startup.o(RESET)
    GPIOPortP1_Handler                       0x00000283   Thumb Code     0  startup.o(RESET)
    GPIOPortP2_Handler                       0x00000283   Thumb Code     0  startup.o(RESET)
    GPIOPortP3_Handler                       0x00000283   Thumb Code     0  startup.o(RESET)
    GPIOPortP4_Handler                       0x00000283   Thumb Code     0  startup.o(RESET)
    GPIOPortP5_Handler                       0x00000283   Thumb Code     0  startup.o(RESET)
    GPIOPortP6_Handler                       0x00000283   Thumb Code     0  startup.o(RESET)
    GPIOPortP7_Handler                       0x00000283   Thumb Code     0  startup.o(RESET)
    GPIOPortP_Handler                        0x00000283   Thumb Code     0  startup.o(RESET)
    GPIOPortQ1_Handler                       0x00000283   Thumb Code     0  startup.o(RESET)
    GPIOPortQ2_Handler                       0x00000283   Thumb Code     0  startup.o(RESET)
    GPIOPortQ3_Handler                       0x00000283   Thumb Code     0  startup.o(RESET)
    GPIOPortQ4_Handler                       0x00000283   Thumb Code     0  startup.o(RESET)
    GPIOPortQ5_Handler                       0x00000283   Thumb Code     0  startup.o(RESET)
    GPIOPortQ6_Handler                       0x00000283   Thumb Code     0  startup.o(RESET)
    GPIOPortQ7_Handler                       0x00000283   Thumb Code     0  startup.o(RESET)
    GPIOPortQ_Handler                        0x00000283   Thumb Code     0  startup.o(RESET)
    GPIOPortR_Handler                        0x00000283   Thumb Code     0  startup.o(RESET)
    GPIOPortS_Handler                        0x00000283   Thumb Code     0  startup.o(RESET)
    Hibernate_Handler                        0x00000283   Thumb Code     0  startup.o(RESET)
    I2C0_Handler                             0x00000283   Thumb Code     0  startup.o(RESET)
    I2C1_Handler                             0x00000283   Thumb Code     0  startup.o(RESET)
    I2C2_Handler                             0x00000283   Thumb Code     0  startup.o(RESET)
    I2C3_Handler                             0x00000283   Thumb Code     0  startup.o(RESET)
    I2C4_Handler                             0x00000283   Thumb Code     0  startup.o(RESET)
    I2C5_Handler                             0x00000283   Thumb Code     0  startup.o(RESET)
    I2S0_Handler                             0x00000283   Thumb Code     0  startup.o(RESET)
    LPC0_Handler                             0x00000283   Thumb Code     0  startup.o(RESET)
    PECI0_Handler                            0x00000283   Thumb Code     0  startup.o(RESET)
    PWM0Fault_Handler                        0x00000283   Thumb Code     0  startup.o(RESET)
    PWM0Generator0_Handler                   0x00000283   Thumb Code     0  startup.o(RESET)
    PWM0Generator1_Handler                   0x00000283   Thumb Code     0  startup.o(RESET)
    PWM0Generator2_Handler                   0x00000283   Thumb Code     0  startup.o(RESET)
    PWM0Generator3_Handler                   0x00000283   Thumb Code     0  startup.o(RESET)
    PWM1Fault_Handler                        0x00000283   Thumb Code     0  startup.o(RESET)
    PWM1Generator0_Handler                   0x00000283   Thumb Code     0  startup.o(RESET)
    PWM1Generator1_Handler                   0x00000283   Thumb Code     0  startup.o(RESET)
    PWM1Generator2_Handler                   0x00000283   Thumb Code     0  startup.o(RESET)
    PWM1Generator3_Handler                   0x00000283   Thumb Code     0  startup.o(RESET)
    Quadrature0_Handler                      0x00000283   Thumb Code     0  startup.o(RESET)
    Quadrature1_Handler                      0x00000283   Thumb Code     0  startup.o(RESET)
    Quadrature2_Handler                      0x00000283   Thumb Code     0  startup.o(RESET)
    SSI0_Handler                             0x00000283   Thumb Code     0  startup.o(RESET)
    SSI1_Handler                             0x00000283   Thumb Code     0  startup.o(RESET)
    SSI2_Handler                             0x00000283   Thumb Code     0  startup.o(RESET)
    SSI3_Handler                             0x00000283   Thumb Code     0  startup.o(RESET)
    SysCtl_Handler                           0x00000283   Thumb Code     0  startup.o(RESET)
    Timer0A_Handler                          0x00000283   Thumb Code     0  startup.o(RESET)
    Timer0B_Handler                          0x00000283   Thumb Code     0  startup.o(RESET)
    Timer1B_Handler                          0x00000283   Thumb Code     0  startup.o(RESET)
    Timer2A_Handler                          0x00000283   Thumb Code     0  startup.o(RESET)
    Timer2B_Handler                          0x00000283   Thumb Code     0  startup.o(RESET)
    Timer3B_Handler                          0x00000283   Thumb Code     0  startup.o(RESET)
    Timer4A_Handler                          0x00000283   Thumb Code     0  startup.o(RESET)
    Timer4B_Handler                          0x00000283   Thumb Code     0  startup.o(RESET)
    Timer5B_Handler                          0x00000283   Thumb Code     0  startup.o(RESET)
    UART1_Handler                            0x00000283   Thumb Code     0  startup.o(RESET)
    UART2_Handler                            0x00000283   Thumb Code     0  startup.o(RESET)
    UART3_Handler                            0x00000283   Thumb Code     0  startup.o(RESET)
    UART4_Handler                            0x00000283   Thumb Code     0  startup.o(RESET)
    UART5_Handler                            0x00000283   Thumb Code     0  startup.o(RESET)
    UART6_Handler                            0x00000283   Thumb Code     0  startup.o(RESET)
    UART7_Handler                            0x00000283   Thumb Code     0  startup.o(RESET)
    USB0_Handler                             0x00000283   Thumb Code     0  startup.o(RESET)
    WDT_Handler                              0x00000283   Thumb Code     0  startup.o(RESET)
    WideTimer0B_Handler                      0x00000283   Thumb Code     0  startup.o(RESET)
    WideTimer1A_Handler                      0x00000283   Thumb Code     0  startup.o(RESET)
    WideTimer1B_Handler                      0x00000283   Thumb Code     0  startup.o(RESET)
    WideTimer2A_Handler                      0x00000283   Thumb Code     0  startup.o(RESET)
    WideTimer2B_Handler                      0x00000283   Thumb Code     0  startup.o(RESET)
    WideTimer3A_Handler                      0x00000283   Thumb Code     0  startup.o(RESET)
    WideTimer3B_Handler                      0x00000283   Thumb Code     0  startup.o(RESET)
    WideTimer4A_Handler                      0x00000283   Thumb Code     0  startup.o(RESET)
    WideTimer4B_Handler                      0x00000283   Thumb Code     0  startup.o(RESET)
    WideTimer5A_Handler                      0x00000283   Thumb Code     0  startup.o(RESET)
    WideTimer5B_Handler                      0x00000283   Thumb Code     0  startup.o(RESET)
    uDMA_Error                               0x00000283   Thumb Code     0  startup.o(RESET)
    uDMA_Handler                             0x00000283   Thumb Code     0  startup.o(RESET)
    __main                                   0x00000285   Thumb Code     0  entry.o(.ARM.Collect$$$$00000000)
    _main_stk                                0x00000285   Thumb Code     0  entry2.o(.ARM.Collect$$$$00000001)
    _main_scatterload                        0x00000289   Thumb Code     0  entry5.o(.ARM.Collect$$$$00000004)
    __main_after_scatterload                 0x0000028d   Thumb Code     0  entry5.o(.ARM.Collect$$$$00000004)
    _main_clock                              0x0000028d   Thumb Code     0  entry7b.o(.ARM.Collect$$$$00000008)
    _main_cpp_init                           0x0000028d   Thumb Code     0  entry8b.o(.ARM.Collect$$$$0000000A)
    _main_init                               0x0000028d   Thumb Code     0  entry9a.o(.ARM.Collect$$$$0000000B)
    __rt_final_cpp                           0x00000295   Thumb Code     0  entry10a.o(.ARM.Collect$$$$0000000D)
    __rt_final_exit                          0x00000295   Thumb Code     0  entry11a.o(.ARM.Collect$$$$0000000F)
    DisableInterrupts                        0x00000299   Thumb Code     0  startup.o(.text)
    EnableInterrupts                         0x0000029d   Thumb Code     0  startup.o(.text)
    StartCritical                            0x000002a1   Thumb Code     0  startup.o(.text)
    EndCritical                              0x000002a9   Thumb Code     0  startup.o(.text)
    WaitForInterrupt                         0x000002af   Thumb Code     0  startup.o(.text)
    StartOS                                  0x000002b5   Thumb Code     0  osasm.o(.text)
    PendSV_Handler                           0x000002d7   Thumb Code     0  osasm.o(.text)
    SVC_Handler                              0x0000030d   Thumb Code     0  osasm.o(.text)
    __scatterload                            0x00000319   Thumb Code    38  init.o(.text)
    __scatterload_rt2                        0x00000319   Thumb Code     0  init.o(.text)
    ADC0Seq0_Handler                         0x00000349   Thumb Code    50  adct0atrigger.o(.text.ADC0Seq0_Handler)
    ADC0Seq3_Handler                         0x0000037d   Thumb Code    34  adct0atrigger.o(.text.ADC0Seq3_Handler)
    BackgroundThread1e                       0x000003a1   Thumb Code    66  lab2.o(.text.BackgroundThread1e)
    BackgroundThread5e                       0x000003e5   Thumb Code    36  lab2.o(.text.BackgroundThread5e)
    ContextSwitch                            0x00000409   Thumb Code    16  os.o(.text.ContextSwitch)
    GPIOPortF_Handler                        0x00000459   Thumb Code    44  switch.o(.text.GPIOPortF_Handler)
    LaunchPad_Init                           0x00000485   Thumb Code   116  launchpad.o(.text.LaunchPad_Init)
    OS_AddPeriodicThread                     0x000004f9   Thumb Code    26  os.o(.text.OS_AddPeriodicThread)
    OS_AddSW1Task                            0x00000515   Thumb Code    22  os.o(.text.OS_AddSW1Task)
    OS_AddThread                             0x0000052d   Thumb Code   330  os.o(.text.OS_AddThread)
    OS_AddToQueue                            0x00000679   Thumb Code   298  os.o(.text.OS_AddToQueue)
    OS_CheckQueue                            0x000007a5   Thumb Code   172  os.o(.text.OS_CheckQueue)
    OS_ClearMsTime                           0x00000851   Thumb Code    36  os.o(.text.OS_ClearMsTime)
    OS_ClearTCBAndStack                      0x00000875   Thumb Code   166  os.o(.text.OS_ClearTCBAndStack)
    OS_Id                                    0x0000091d   Thumb Code     4  os.o(.text.OS_Id)
    OS_Init                                  0x00000921   Thumb Code   166  os.o(.text.OS_Init)
    OS_InitSemaphore                         0x000009c9   Thumb Code    16  os.o(.text.OS_InitSemaphore)
    OS_Kill                                  0x000009d9   Thumb Code    28  os.o(.text.OS_Kill)
    OS_Launch                                0x000009f5   Thumb Code    24  os.o(.text.OS_Launch)
    OS_Sleep                                 0x00000a0d   Thumb Code    32  os.o(.text.OS_Sleep)
    OS_Suspend                               0x00000a2d   Thumb Code     8  os.o(.text.OS_Suspend)
    OS_Time                                  0x00000a35   Thumb Code    58  os.o(.text.OS_Time)
    OS_WakeUpThread                          0x00000a71   Thumb Code   132  os.o(.text.OS_WakeUpThread)
    OS_bSignal                               0x00000af5   Thumb Code    28  os.o(.text.OS_bSignal)
    OS_bWait                                 0x00000b11   Thumb Code    50  os.o(.text.OS_bWait)
    PLL_Init                                 0x00000b45   Thumb Code   138  pll.o(.text.PLL_Init)
    RxFifo_Put                               0x00000bd1   Thumb Code    86  fifosimple.o(.text.RxFifo_Put)
    RxFifo_Size                              0x00000c29   Thumb Code    24  fifosimple.o(.text.RxFifo_Size)
    SetInitialStack                          0x00000c41   Thumb Code   224  os.o(.text.SetInitialStack)
    Switch_Init                              0x00000d21   Thumb Code   238  switch.o(.text.Switch_Init)
    SysTick_Handler                          0x00000e11   Thumb Code    28  os.o(.text.SysTick_Handler)
    SysTick_Init                             0x00000e2d   Thumb Code    66  os.o(.text.SysTick_Init)
    Testmain5                                0x00000e71   Thumb Code   164  lab2.o(.text.Testmain5)
    Thread2e                                 0x00000f15   Thumb Code    72  lab2.o(.text.Thread2e)
    Thread3e                                 0x00000f5d   Thumb Code    30  lab2.o(.text.Thread3e)
    Thread4e                                 0x00000f7d   Thumb Code    58  lab2.o(.text.Thread4e)
    Timer1A_Handler                          0x00000fb9   Thumb Code    28  os.o(.text.Timer1A_Handler)
    Timer1A_Init                             0x00000fd5   Thumb Code   156  os.o(.text.Timer1A_Init)
    Timer3A_Handler                          0x00001071   Thumb Code    28  timer3a.o(.text.Timer3A_Handler)
    Timer3A_Init                             0x0000108d   Thumb Code   158  timer3a.o(.text.Timer3A_Init)
    Timer5A_Handler                          0x0000112d   Thumb Code    28  timer5a.o(.text.Timer5A_Handler)
    TxFifo_Get                               0x00001149   Thumb Code    82  fifosimple.o(.text.TxFifo_Get)
    TxFifo_Size                              0x0000119d   Thumb Code    24  fifosimple.o(.text.TxFifo_Size)
    UART0_Handler                            0x000011b5   Thumb Code   138  uart0int.o(.text.UART0_Handler)
    WideTimer0A_Handler                      0x00001241   Thumb Code    28  wtimer0a.o(.text.WideTimer0A_Handler)
    main                                     0x00001305   Thumb Code    10  lab2.o(.text.main)
    mscounter                                0x00001311   Thumb Code    16  os.o(.text.mscounter)
    __scatterload_copy                       0x00001321   Thumb Code    14  handlers.o(i.__scatterload_copy)
    __scatterload_null                       0x0000132f   Thumb Code     2  handlers.o(i.__scatterload_null)
    __scatterload_zeroinit                   0x00001331   Thumb Code    14  handlers.o(i.__scatterload_zeroinit)
    Region$$Table$$Base                      0x00001340   Number         0  anon$$obj.o(Region$$Table)
    Region$$Table$$Limit                     0x00001350   Number         0  anon$$obj.o(Region$$Table)
    ADCTask                                  0x20000000   Data           4  adct0atrigger.o(.bss.ADCTask)
    Count1                                   0x20000008   Data           4  lab2.o(.bss.Count1)
    Count2                                   0x2000000c   Data           4  lab2.o(.bss.Count2)
    Count3                                   0x20000010   Data           4  lab2.o(.bss.Count3)
    Count4                                   0x20000014   Data           4  lab2.o(.bss.Count4)
    LatestThreadCreated                      0x2000001c   Data           4  os.o(.bss.LatestThreadCreated)
    Mstime                                   0x20000020   Data           4  os.o(.bss.Mstime)
    NumCreated                               0x20000024   Data           4  lab2.o(.bss.NumCreated)
    PD3data                                  0x20000028   Data           4  adct0atrigger.o(.bss.PD3data)
    PeriodicTask123                          0x2000002c   Data           4  os.o(.bss.PeriodicTask123)
    PeriodicTask3                            0x20000030   Data           4  timer3a.o(.bss.PeriodicTask3)
    PeriodicTask5                            0x20000034   Data           4  timer5a.o(.bss.PeriodicTask5)
    Readye                                   0x20000038   Data           4  lab2.o(.bss.Readye)
    RunPt                                    0x2000003c   Data           4  os.o(.bss.RunPt)
    RxGetI                                   0x20000440   Data           4  fifosimple.o(.bss.RxGetI)
    RxPutI                                   0x20000444   Data           4  fifosimple.o(.bss.RxPutI)
    SleepNextRunPt                           0x20000448   Data           4  os.o(.bss.SleepNextRunPt)
    SleepThreadPt                            0x2000044c   Data           4  os.o(.bss.SleepThreadPt)
    Stacks                                   0x20000450   Data       10240  os.o(.bss.Stacks)
    TouchTask                                0x20002c50   Data           4  switch.o(.bss.TouchTask)
    TxGetI                                   0x20003054   Data           4  fifosimple.o(.bss.TxGetI)
    TxPutI                                   0x20003058   Data           4  fifosimple.o(.bss.TxPutI)
    WidePeriodicTask0                        0x2000305c   Data           4  wtimer0a.o(.bss.WidePeriodicTask0)
    sleepThreadCount                         0x20003060   Data           4  os.o(.bss.sleepThreadCount)
    threadPool                               0x20003068   Data         280  os.o(.bss.threadPool)
    thread_counter                           0x20003180   Data           4  os.o(.bss.thread_counter)
    __initial_sp                             0x20003588   Data           0  startup.o(STACK)



==============================================================================

Memory Map of the image

  Image Entry point : 0x0000026d

  Load Region LR_1 (Base: 0x00000000, Size: 0x00001350, Max: 0xffffffff, ABSOLUTE)

    Execution Region ER_RO (Exec base: 0x00000000, Load base: 0x00000000, Size: 0x00001350, Max: 0xffffffff, ABSOLUTE)

    Exec Addr    Load Addr    Size         Type   Attr      Idx    E Section Name        Object

    0x00000000   0x00000000   0x00000284   Code   RO            3  * RESET               startup.o
    0x00000284   0x00000284   0x00000000   Code   RO          835  * .ARM.Collect$$$$00000000  mc_w.l(entry.o)
    0x00000284   0x00000284   0x00000004   Code   RO          900    .ARM.Collect$$$$00000001  mc_w.l(entry2.o)
    0x00000288   0x00000288   0x00000004   Code   RO          903    .ARM.Collect$$$$00000004  mc_w.l(entry5.o)
    0x0000028c   0x0000028c   0x00000000   Code   RO          905    .ARM.Collect$$$$00000008  mc_w.l(entry7b.o)
    0x0000028c   0x0000028c   0x00000000   Code   RO          907    .ARM.Collect$$$$0000000A  mc_w.l(entry8b.o)
    0x0000028c   0x0000028c   0x00000008   Code   RO          908    .ARM.Collect$$$$0000000B  mc_w.l(entry9a.o)
    0x00000294   0x00000294   0x00000000   Code   RO          910    .ARM.Collect$$$$0000000D  mc_w.l(entry10a.o)
    0x00000294   0x00000294   0x00000000   Code   RO          912    .ARM.Collect$$$$0000000F  mc_w.l(entry11a.o)
    0x00000294   0x00000294   0x00000004   Code   RO          901    .ARM.Collect$$$$00002712  mc_w.l(entry2.o)
    0x00000298   0x00000298   0x0000001c   Code   RO            4    .text               startup.o
    0x000002b4   0x000002b4   0x00000064   Code   RO          691    .text               osasm.o
    0x00000318   0x00000318   0x00000030   Code   RO          948    .text               mc_w.l(init.o)
    0x00000348   0x00000348   0x00000032   Code   RO          464    .text.ADC0Seq0_Handler  adct0atrigger.o
    0x0000037a   0x0000037a   0x00000002   PAD
    0x0000037c   0x0000037c   0x00000022   Code   RO          468    .text.ADC0Seq3_Handler  adct0atrigger.o
    0x0000039e   0x0000039e   0x00000002   PAD
    0x000003a0   0x000003a0   0x00000042   Code   RO           69    .text.BackgroundThread1e  lab2.o
    0x000003e2   0x000003e2   0x00000002   PAD
    0x000003e4   0x000003e4   0x00000024   Code   RO           77    .text.BackgroundThread5e  lab2.o
    0x00000408   0x00000408   0x00000010   Code   RO          129    .text.ContextSwitch  os.o
    0x00000418   0x00000418   0x0000003e   Code   RO          805    .text.GPIOArm       switch.o
    0x00000456   0x00000456   0x00000002   PAD
    0x00000458   0x00000458   0x0000002c   Code   RO          809    .text.GPIOPortF_Handler  switch.o
    0x00000484   0x00000484   0x00000074   Code   RO          278    .text.LaunchPad_Init  launchpad.o
    0x000004f8   0x000004f8   0x0000001a   Code   RO          163    .text.OS_AddPeriodicThread  os.o
    0x00000512   0x00000512   0x00000002   PAD
    0x00000514   0x00000514   0x00000016   Code   RO          165    .text.OS_AddSW1Task  os.o
    0x0000052a   0x0000052a   0x00000002   PAD
    0x0000052c   0x0000052c   0x0000014a   Code   RO          157    .text.OS_AddThread  os.o
    0x00000676   0x00000676   0x00000002   PAD
    0x00000678   0x00000678   0x0000012a   Code   RO          171    .text.OS_AddToQueue  os.o
    0x000007a2   0x000007a2   0x00000002   PAD
    0x000007a4   0x000007a4   0x000000ac   Code   RO          133    .text.OS_CheckQueue  os.o
    0x00000850   0x00000850   0x00000024   Code   RO          199    .text.OS_ClearMsTime  os.o
    0x00000874   0x00000874   0x000000a6   Code   RO          175    .text.OS_ClearTCBAndStack  os.o
    0x0000091a   0x0000091a   0x00000002   PAD
    0x0000091c   0x0000091c   0x00000004   Code   RO          161    .text.OS_Id         os.o
    0x00000920   0x00000920   0x000000a6   Code   RO          141    .text.OS_Init       os.o
    0x000009c6   0x000009c6   0x00000002   PAD
    0x000009c8   0x000009c8   0x00000010   Code   RO          143    .text.OS_InitSemaphore  os.o
    0x000009d8   0x000009d8   0x0000001c   Code   RO          177    .text.OS_Kill       os.o
    0x000009f4   0x000009f4   0x00000018   Code   RO          209    .text.OS_Launch     os.o
    0x00000a0c   0x00000a0c   0x00000020   Code   RO          169    .text.OS_Sleep      os.o
    0x00000a2c   0x00000a2c   0x00000008   Code   RO          151    .text.OS_Suspend    os.o
    0x00000a34   0x00000a34   0x0000003a   Code   RO          193    .text.OS_Time       os.o
    0x00000a6e   0x00000a6e   0x00000002   PAD
    0x00000a70   0x00000a70   0x00000084   Code   RO          173    .text.OS_WakeUpThread  os.o
    0x00000af4   0x00000af4   0x0000001c   Code   RO          153    .text.OS_bSignal    os.o
    0x00000b10   0x00000b10   0x00000032   Code   RO          149    .text.OS_bWait      os.o
    0x00000b42   0x00000b42   0x00000002   PAD
    0x00000b44   0x00000b44   0x0000008a   Code   RO          297    .text.PLL_Init      pll.o
    0x00000bce   0x00000bce   0x00000002   PAD
    0x00000bd0   0x00000bd0   0x00000056   Code   RO          770    .text.RxFifo_Put    fifosimple.o
    0x00000c26   0x00000c26   0x00000002   PAD
    0x00000c28   0x00000c28   0x00000018   Code   RO          774    .text.RxFifo_Size   fifosimple.o
    0x00000c40   0x00000c40   0x000000e0   Code   RO          155    .text.SetInitialStack  os.o
    0x00000d20   0x00000d20   0x000000ee   Code   RO          803    .text.Switch_Init   switch.o
    0x00000e0e   0x00000e0e   0x00000002   PAD
    0x00000e10   0x00000e10   0x0000001c   Code   RO          131    .text.SysTick_Handler  os.o
    0x00000e2c   0x00000e2c   0x00000042   Code   RO          139    .text.SysTick_Init  os.o
    0x00000e6e   0x00000e6e   0x00000002   PAD
    0x00000e70   0x00000e70   0x000000a4   Code   RO           79    .text.Testmain5     lab2.o
    0x00000f14   0x00000f14   0x00000048   Code   RO           71    .text.Thread2e      lab2.o
    0x00000f5c   0x00000f5c   0x0000001e   Code   RO           73    .text.Thread3e      lab2.o
    0x00000f7a   0x00000f7a   0x00000002   PAD
    0x00000f7c   0x00000f7c   0x0000003a   Code   RO           75    .text.Thread4e      lab2.o
    0x00000fb6   0x00000fb6   0x00000002   PAD
    0x00000fb8   0x00000fb8   0x0000001c   Code   RO          203    .text.Timer1A_Handler  os.o
    0x00000fd4   0x00000fd4   0x0000009c   Code   RO          201    .text.Timer1A_Init  os.o
    0x00001070   0x00001070   0x0000001c   Code   RO          824    .text.Timer3A_Handler  timer3a.o
    0x0000108c   0x0000108c   0x0000009e   Code   RO          822    .text.Timer3A_Init  timer3a.o
    0x0000112a   0x0000112a   0x00000002   PAD
    0x0000112c   0x0000112c   0x0000001c   Code   RO          791    .text.Timer5A_Handler  timer5a.o
    0x00001148   0x00001148   0x00000052   Code   RO          764    .text.TxFifo_Get    fifosimple.o
    0x0000119a   0x0000119a   0x00000002   PAD
    0x0000119c   0x0000119c   0x00000018   Code   RO          766    .text.TxFifo_Size   fifosimple.o
    0x000011b4   0x000011b4   0x0000008a   Code   RO          707    .text.UART0_Handler  uart0int.o
    0x0000123e   0x0000123e   0x00000002   PAD
    0x00001240   0x00001240   0x0000001c   Code   RO          584    .text.WideTimer0A_Handler  wtimer0a.o
    0x0000125c   0x0000125c   0x00000056   Code   RO          709    .text.copyHardwareToSoftware  uart0int.o
    0x000012b2   0x000012b2   0x00000002   PAD
    0x000012b4   0x000012b4   0x0000004e   Code   RO          703    .text.copySoftwareToHardware  uart0int.o
    0x00001302   0x00001302   0x00000002   PAD
    0x00001304   0x00001304   0x0000000a   Code   RO           93    .text.main          lab2.o
    0x0000130e   0x0000130e   0x00000002   PAD
    0x00001310   0x00001310   0x00000010   Code   RO          197    .text.mscounter     os.o
    0x00001320   0x00001320   0x0000000e   Code   RO          964    i.__scatterload_copy  mc_w.l(handlers.o)
    0x0000132e   0x0000132e   0x00000002   Code   RO          965    i.__scatterload_null  mc_w.l(handlers.o)
    0x00001330   0x00001330   0x0000000e   Code   RO          966    i.__scatterload_zeroinit  mc_w.l(handlers.o)
    0x0000133e   0x0000133e   0x00000002   PAD
    0x00001340   0x00001340   0x00000010   Data   RO          963    Region$$Table       anon$$obj.o


    Execution Region ER_RW (Exec base: 0x20000000, Load base: 0x00001350, Size: 0x00000000, Max: 0xffffffff, ABSOLUTE)

    **** No section assigned to this execution region ****


    Execution Region ER_ZI (Exec base: 0x20000000, Load base: 0x00001350, Size: 0x00003588, Max: 0xffffffff, ABSOLUTE)

    Exec Addr    Load Addr    Size         Type   Attr      Idx    E Section Name        Object

    0x20000000        -       0x00000004   Zero   RW          470    .bss.ADCTask        adct0atrigger.o
    0x20000004        -       0x00000004   Zero   RW          116    .bss.BackgroundThread1e.i  lab2.o
    0x20000008        -       0x00000004   Zero   RW          109    .bss.Count1         lab2.o
    0x2000000c        -       0x00000004   Zero   RW          110    .bss.Count2         lab2.o
    0x20000010        -       0x00000004   Zero   RW          111    .bss.Count3         lab2.o
    0x20000014        -       0x00000004   Zero   RW          115    .bss.Count4         lab2.o
    0x20000018        -       0x00000004   Zero   RW          812    .bss.Last           switch.o
    0x2000001c        -       0x00000004   Zero   RW          229    .bss.LatestThreadCreated  os.o
    0x20000020        -       0x00000004   Zero   RW          225    .bss.Mstime         os.o
    0x20000024        -       0x00000004   Zero   RW          100    .bss.NumCreated     lab2.o
    0x20000028        -       0x00000004   Zero   RW          471    .bss.PD3data        adct0atrigger.o
    0x2000002c        -       0x00000004   Zero   RW          244    .bss.PeriodicTask123  os.o
    0x20000030        -       0x00000004   Zero   RW          828    .bss.PeriodicTask3  timer3a.o
    0x20000034        -       0x00000004   Zero   RW          795    .bss.PeriodicTask5  timer5a.o
    0x20000038        -       0x00000004   Zero   RW          117    .bss.Readye         lab2.o
    0x2000003c        -       0x00000004   Zero   RW          231    .bss.RunPt          os.o
    0x20000040        -       0x00000400   Zero   RW          781    .bss.RxFifo         fifosimple.o
    0x20000440        -       0x00000004   Zero   RW          779    .bss.RxGetI         fifosimple.o
    0x20000444        -       0x00000004   Zero   RW          780    .bss.RxPutI         fifosimple.o
    0x20000448        -       0x00000004   Zero   RW          233    .bss.SleepNextRunPt  os.o
    0x2000044c        -       0x00000004   Zero   RW          227    .bss.SleepThreadPt  os.o
    0x20000450        -       0x00002800   Zero   RW          232    .bss.Stacks         os.o
    0x20002c50        -       0x00000004   Zero   RW          811    .bss.TouchTask      switch.o
    0x20002c54        -       0x00000400   Zero   RW          778    .bss.TxFifo         fifosimple.o
    0x20003054        -       0x00000004   Zero   RW          776    .bss.TxGetI         fifosimple.o
    0x20003058        -       0x00000004   Zero   RW          777    .bss.TxPutI         fifosimple.o
    0x2000305c        -       0x00000004   Zero   RW          588    .bss.WidePeriodicTask0  wtimer0a.o
    0x20003060        -       0x00000004   Zero   RW          228    .bss.sleepThreadCount  os.o
    0x20003064        -       0x00000001   Zero   RW          813    .bss.taskPriority   switch.o
    0x20003065   0x00001350   0x00000003   PAD
    0x20003068        -       0x00000118   Zero   RW          230    .bss.threadPool     os.o
    0x20003180        -       0x00000004   Zero   RW          226    .bss.thread_counter  os.o
    0x20003184   0x00001350   0x00000004   PAD
    0x20003188        -       0x00000400   Zero   RW            1    STACK               startup.o


==============================================================================

Image component sizes


      Code (inc. data)   RO Data    RW Data    ZI Data      Debug   Object Name

        84          0          0          0          8       1993   adct0atrigger.o
       216          0          0          0       2064       1903   fifosimple.o
       436          0          0          0         28       6868   lab2.o
       116          0          0          0          0       1506   launchpad.o
      2130          0          0          0      10552       9439   os.o
       100         10          0          0          0        352   osasm.o
       138          0          0          0          0        646   pll.o
       672        622          0          0       1024       1092   startup.o
       344          0          0          0          9       1284   switch.o
       186          0          0          0          4        978   timer3a.o
        28          0          0          0          4        971   timer5a.o
       302          0          0          0          0       4310   uart0int.o
        28          0          0          0          4        988   wtimer0a.o

    ----------------------------------------------------------------------
      4828        632         16          0      13704      32330   Object Totals
         0          0         16          0          0          0   (incl. Generated)
        48          0          0          0          7          0   (incl. Padding)

    ----------------------------------------------------------------------

      Code (inc. data)   RO Data    RW Data    ZI Data      Debug   Library Member Name

         0          0          0          0          0          0   entry.o
         0          0          0          0          0          0   entry10a.o
         0          0          0          0          0          0   entry11a.o
         8          4          0          0          0          0   entry2.o
         4          0          0          0          0          0   entry5.o
         0          0          0          0          0          0   entry7b.o
         0          0          0          0          0          0   entry8b.o
         8          4          0          0          0          0   entry9a.o
        30          0          0          0          0          0   handlers.o
        48         10          0          0          0         68   init.o

    ----------------------------------------------------------------------
       100         18          0          0          0         68   Library Totals
         2          0          0          0          0          0   (incl. Padding)

    ----------------------------------------------------------------------

      Code (inc. data)   RO Data    RW Data    ZI Data      Debug   Library Name

        98         18          0          0          0         68   mc_w.l

    ----------------------------------------------------------------------
       100         18          0          0          0         68   Library Totals

    ----------------------------------------------------------------------

==============================================================================


      Code (inc. data)   RO Data    RW Data    ZI Data      Debug   

      4928        650         16          0      13704      32350   Grand Totals
      4928        650         16          0      13704      32350   ELF Image Totals
      4928        650         16          0          0          0   ROM Totals

==============================================================================

    Total RO  Size (Code + RO Data)                 4944 (   4.83kB)
    Total RW  Size (RW Data + ZI Data)             13704 (  13.38kB)
    Total ROM Size (Code + RO Data + RW Data)       4944 (   4.83kB)

==============================================================================

