<html>
<body>
<pre>
<h1>µVision Build Log</h1>
<h2>Tool Versions:</h2>
IDE-Version: µVision V5.41.0.0
Copyright (C) 2024 ARM Ltd and ARM Germany GmbH. All rights reserved.
License Information: Jibran Cutlerywala, University of Texas at Austin, LIC=----
 
Tool Versions:
Toolchain:       MDK-Lite  Version: 5.41.0.0
Toolchain Path:  C:\Keil_v5\ARM\ARMCLANG\Bin
C Compiler:      ArmClang.exe V6.22
Assembler:       Armasm.exe V6.22
Linker/Locator:  ArmLink.exe V6.22
Library Manager: ArmAr.exe V6.22
Hex Converter:   FromElf.exe V6.22
CPU DLL:         SARMCM3.DLL V5.41.0.0
Dialog DLL:      DCM.DLL V1.17.5.0
Target DLL:      lmidk-agdi.dll V???
Dialog DLL:      TCM.DLL V1.56.4.0
 
<h2>Project:</h2>
C:\Users\jibra\Desktop\ECE 445M\ValvanoWareTM4C123v6\ValvanoWareTM4C123v6\Lab2_Repository_445M\RTOS_Lab2_RTOSkernel\Lab2.uvprojx
Project File Date:  02/12/2025

<h2>Output:</h2>
*** Using Compiler 'V6.22', folder: 'C:\Keil_v5\ARM\ARMCLANG\Bin'
Rebuild target 'Lab2'
assembling startup.s...
assembling osasm.s...
compiling ADCSWTrigger.c...
assembling PID_stm32.s...
assembling cr4_fft_64_stm32.s...
compiling Lab2.c...
compiling ST7735.c...
compiling efile.c...
compiling WTimer0A.c...
compiling PLL.c...
compiling Interpreter.c...
compiling LaunchPad.c...
compiling ADCT0ATrigger.c...
compiling LPF.c...
compiling UART0int.c...
compiling OS.c...
compiling eDisk.c...
compiling IRDistance.c...
compiling ADC.c...
compiling FIFOsimple.c...
compiling Timer5A.c...
compiling Timer3A.c...
compiling Switch.c...
linking...
Program Size: Code=4928 RO-data=16 RW-data=0 ZI-data=13704  
".\Lab2.axf" - 0 Error(s), 0 Warning(s).

<h2>Software Packages used:</h2>

Package Vendor: ARM
                https://www.keil.com/pack/ARM.CMSIS.6.1.0.pack
                ARM::CMSIS@6.1.0
                CMSIS (Common Microcontroller Software Interface Standard)
   * Component: CORE Version: 6.1.0

Package Vendor: Keil
                http://www.keil.com/pack/Keil.TM4C_DFP.1.1.0.pack
                Keil::TM4C_DFP@1.1.0
                Texas Instruments Tiva C Series Device Support and Examples

<h2>Collection of Component include folders:</h2>
  ./RTE/_Lab2
  C:/Users/jibra/AppData/Local/Arm/Packs/ARM/CMSIS/6.1.0/CMSIS/Core/Include
  C:/Users/jibra/AppData/Local/Arm/Packs/Keil/TM4C_DFP/1.1.0/Device/Include/TM4C123

<h2>Collection of Component Files used:</h2>

   * Component: ARM::CMSIS:CORE@6.1.0
Build Time Elapsed:  00:00:01
</pre>
</body>
</html>
